Component: ARM Compiler 5.05 update 1 (build 106) Tool: armlink [4d0efa]

==============================================================================

Section Cross References

    system_stm32f10x.o(i.SetSysClock) refers to system_stm32f10x.o(i.SetSysClockTo72) for SetSysClockTo72
    system_stm32f10x.o(i.SystemCoreClockUpdate) refers to system_stm32f10x.o(.data) for SystemCoreClock
    system_stm32f10x.o(i.SystemInit) refers to system_stm32f10x.o(i.SetSysClock) for SetSysClock
    startup_stm32f10x_md.o(RESET) refers to startup_stm32f10x_md.o(STACK) for __initial_sp
    startup_stm32f10x_md.o(RESET) refers to startup_stm32f10x_md.o(.text) for Reset_Handler
    startup_stm32f10x_md.o(RESET) refers to stm32f10x_it.o(i.NMI_Handler) for NMI_Handler
    startup_stm32f10x_md.o(RESET) refers to stm32f10x_it.o(i.HardFault_Handler) for HardFault_Handler
    startup_stm32f10x_md.o(RESET) refers to stm32f10x_it.o(i.MemManage_Handler) for MemManage_Handler
    startup_stm32f10x_md.o(RESET) refers to stm32f10x_it.o(i.BusFault_Handler) for BusFault_Handler
    startup_stm32f10x_md.o(RESET) refers to stm32f10x_it.o(i.UsageFault_Handler) for UsageFault_Handler
    startup_stm32f10x_md.o(RESET) refers to stm32f10x_it.o(i.SVC_Handler) for SVC_Handler
    startup_stm32f10x_md.o(RESET) refers to stm32f10x_it.o(i.DebugMon_Handler) for DebugMon_Handler
    startup_stm32f10x_md.o(RESET) refers to stm32f10x_it.o(i.PendSV_Handler) for PendSV_Handler
    startup_stm32f10x_md.o(RESET) refers to stm32f10x_it.o(i.SysTick_Handler) for SysTick_Handler
    startup_stm32f10x_md.o(RESET) refers to uart1.o(i.USART1_IRQHandler) for USART1_IRQHandler
    startup_stm32f10x_md.o(RESET) refers to ano_dt.o(i.USART3_IRQHandler) for USART3_IRQHandler
    startup_stm32f10x_md.o(.text) refers to system_stm32f10x.o(i.SystemInit) for SystemInit
    startup_stm32f10x_md.o(.text) refers to entry.o(.ARM.Collect$$$$00000000) for __main
    stm32f10x_it.o(i.SysTick_Handler) refers to delay.o(i.SysTick_IRQ) for SysTick_IRQ
    main.o(i.IWDG_Feed) refers to stm32f10x_iwdg.o(i.IWDG_ReloadCounter) for IWDG_ReloadCounter
    main.o(i.IWDG_Init) refers to stm32f10x_iwdg.o(i.IWDG_WriteAccessCmd) for IWDG_WriteAccessCmd
    main.o(i.IWDG_Init) refers to stm32f10x_iwdg.o(i.IWDG_SetPrescaler) for IWDG_SetPrescaler
    main.o(i.IWDG_Init) refers to stm32f10x_iwdg.o(i.IWDG_SetReload) for IWDG_SetReload
    main.o(i.IWDG_Init) refers to stm32f10x_iwdg.o(i.IWDG_ReloadCounter) for IWDG_ReloadCounter
    main.o(i.IWDG_Init) refers to stm32f10x_iwdg.o(i.IWDG_Enable) for IWDG_Enable
    main.o(i.main) refers to delay.o(i.cycleCounterInit) for cycleCounterInit
    main.o(i.main) refers to misc.o(i.NVIC_PriorityGroupConfig) for NVIC_PriorityGroupConfig
    main.o(i.main) refers to init.o(i.ALL_Init) for ALL_Init
    main.o(i.main) refers to main.o(i.IWDG_Init) for IWDG_Init
    main.o(i.main) refers to scheduler.o(i.main_loop) for main_loop
    main.o(i.main) refers to main.o(i.IWDG_Feed) for IWDG_Feed
    main.o(i.main) refers to system_stm32f10x.o(.data) for SystemCoreClock
    delay.o(i.GetSysTime_us) refers to init.o(.data) for SysTick_count
    delay.o(i.GetSysTime_us) refers to delay.o(.data) for usTicks
    delay.o(i.SysTick_IRQ) refers to scheduler.o(i.Loop_check) for Loop_check
    delay.o(i.SysTick_IRQ) refers to init.o(.data) for SysTick_count
    delay.o(i.SysTick_IRQ) refers to delay.o(.data) for sys_init_ok
    delay.o(i.cycleCounterInit) refers to stm32f10x_rcc.o(i.RCC_GetClocksFreq) for RCC_GetClocksFreq
    delay.o(i.cycleCounterInit) refers to delay.o(.data) for usTicks
    delay.o(i.delay_ms) refers to delay.o(i.GetSysTime_us) for GetSysTime_us
    delay.o(i.delay_ms) refers to delay.o(.data) for SysTick_count22
    delay.o(i.micros) refers to ffltui.o(.text) for __aeabi_ui2f
    delay.o(i.micros) refers to fdiv.o(.text) for __aeabi_fdiv
    delay.o(i.micros) refers to fadd.o(.text) for __aeabi_fadd
    delay.o(i.micros) refers to delay.o(.data) for SysTick_count22
    scheduler.o(i.Duty_1000ms) refers to nrf24l01.o(.data) for NRF_SSI_CNT
    scheduler.o(i.Duty_1000ms) refers to wifi_ufo.o(.data) for WIFI_SSI_CNT
    scheduler.o(i.Duty_1000ms) refers to spl06.o(.data) for Locat_SSI_CNT
    scheduler.o(i.Duty_1000ms) refers to scheduler.o(.data) for time_sum
    scheduler.o(i.Duty_1000ms) refers to scheduler.o(.bss) for time
    scheduler.o(i.Duty_10ms) refers to delay.o(i.GetSysTime_us) for GetSysTime_us
    scheduler.o(i.Duty_10ms) refers to remote.o(i.RC_Analy) for RC_Analy
    scheduler.o(i.Duty_10ms) refers to flow.o(i.Pixel_Flow_Fix) for Pixel_Flow_Fix
    scheduler.o(i.Duty_10ms) refers to control.o(i.Flow_Pos_Controler) for Flow_Pos_Controler
    scheduler.o(i.Duty_10ms) refers to spl06.o(i.Height_Get) for Height_Get
    scheduler.o(i.Duty_10ms) refers to spl06.o(i.High_Data_Calc) for High_Data_Calc
    scheduler.o(i.Duty_10ms) refers to control.o(i.HeightPidControl) for HeightPidControl
[...]
    i.spl0601_get_calib_param                0x08007c8c   Section        0  spl06.o(i.spl0601_get_calib_param)
    i.spl0601_get_pressure1                  0x08007e70   Section        0  spl06.o(i.spl0601_get_pressure1)
    i.spl0601_get_raw_pressure               0x08007f88   Section        0  spl06.o(i.spl0601_get_raw_pressure)
    i.spl0601_get_raw_temp                   0x08007ff4   Section        0  spl06.o(i.spl0601_get_raw_temp)
    i.spl0601_get_temperature                0x08008064   Section        0  spl06.o(i.spl0601_get_temperature)
    i.spl0601_init                           0x080080dc   Section        0  spl06.o(i.spl0601_init)
    i.spl0601_rateset                        0x08008134   Section        0  spl06.o(i.spl0601_rateset)
    i.spl0601_read                           0x08008278   Section        0  spl06.o(i.spl0601_read)
    i.spl0601_start_continuous               0x0800828e   Section        0  spl06.o(i.spl0601_start_continuous)
    i.spl0601_write                          0x080082a0   Section        0  spl06.o(i.spl0601_write)
    i.sqrt                                   0x080082b4   Section        0  sqrt.o(i.sqrt)
    i.tan                                    0x08008300   Section        0  tan.o(i.tan)
    .constdata                               0x08008364   Section       10  nrf24l01.o(.constdata)
    .constdata                               0x08008370   Section       24  mymath.o(.constdata)
    .constdata                               0x08008388   Section       80  asin.o(.constdata)
    pS                                       0x08008388   Data          48  asin.o(.constdata)
    qS                                       0x080083b8   Data          32  asin.o(.constdata)
    .constdata                               0x080083d8   Section      200  rred.o(.constdata)
    pio2s                                    0x080083d8   Data          48  rred.o(.constdata)
    twooverpi                                0x08008408   Data         152  rred.o(.constdata)
    .constdata                               0x080084a0   Section       96  tan_i.o(.constdata)
    Todd                                     0x080084a0   Data          48  tan_i.o(.constdata)
    Teven                                    0x080084d0   Data          48  tan_i.o(.constdata)
    .data                                    0x20000000   Section       20  system_stm32f10x.o(.data)
    .data                                    0x20000014   Section       10  delay.o(.data)
    usTicks                                  0x20000014   Data           4  delay.o(.data)
    cnt                                      0x2000001d   Data           1  delay.o(.data)
    .data                                    0x20000020   Section        8  scheduler.o(.data)
    p_spl0601                                0x20000020   Data           4  scheduler.o(.data)
    .data                                    0x20000028   Section       23  init.o(.data)
    p_spl0601                                0x20000028   Data           4  init.o(.data)
    .data                                    0x2000003f   Section       20  stm32f10x_rcc.o(.data)
    APBAHBPrescTable                         0x2000003f   Data          16  stm32f10x_rcc.o(.data)
    ADCPrescTable                            0x2000004f   Data           4  stm32f10x_rcc.o(.data)
    .data                                    0x20000054   Section       14  adc.o(.data)
    p_spl0601                                0x20000054   Data           4  adc.o(.data)
    cnt0                                     0x2000005e   Data           2  adc.o(.data)
    cnt1                                     0x20000060   Data           2  adc.o(.data)
    .data                                    0x20000064   Section        7  uart1.o(.data)
    p_spl0601                                0x20000064   Data           4  uart1.o(.data)
    .data                                    0x2000006c   Section       16  led.o(.data)
    p_spl0601                                0x2000006c   Data           4  led.o(.data)
    LastTime                                 0x20000078   Data           4  led.o(.data)
    .data                                    0x2000007c   Section       14  nrf24l01.o(.data)
    p_spl0601                                0x2000007c   Data           4  nrf24l01.o(.data)
    Connect_flag                             0x20000089   Data           1  nrf24l01.o(.data)
    .data                                    0x2000008c   Section       80  mpu6050.o(.data)
    p_spl0601                                0x2000008c   Data           4  mpu6050.o(.data)
    pMpu                                     0x20000090   Data           4  mpu6050.o(.data)
    ekf                                      0x20000094   Data          72  mpu6050.o(.data)
    .data                                    0x200000dc   Section      174  spl06.o(.data)
    p_spl0601                                0x200000dc   Data           4  spl06.o(.data)
    ekf                                      0x20000140   Data          72  spl06.o(.data)
    cnt                                      0x20000188   Data           2  spl06.o(.data)
    .data                                    0x2000018c   Section       10  flow.o(.data)
    p_spl0601                                0x2000018c   Data           4  flow.o(.data)
    _data_cnt                                0x20000190   Data           1  flow.o(.data)
    state                                    0x20000191   Data           1  flow.o(.data)
    fault_cnt                                0x20000192   Data           1  flow.o(.data)
    _data_cnt                                0x20000193   Data           1  flow.o(.data)
    state                                    0x20000194   Data           1  flow.o(.data)
    fault_cnt                                0x20000195   Data           1  flow.o(.data)
    .data                                    0x20000198   Section       24  ano_dt.o(.data)
    p_spl0601                                0x20000198   Data           4  ano_dt.o(.data)
    ANTO_Recived_flag                        0x200001a2   Data           1  ano_dt.o(.data)
    CheckSend                                0x200001a3   Data           7  ano_dt.o(.data)
    status                                   0x200001ac   Data           1  ano_dt.o(.data)
    _data_len                                0x200001ad   Data           1  ano_dt.o(.data)
    _data_cnt                                0x200001ae   Data           1  ano_dt.o(.data)
    state                                    0x200001af   Data           1  ano_dt.o(.data)
    .data                                    0x200001b0   Section       17  remote.o(.data)
    p_spl0601                                0x200001b0   Data           4  remote.o(.data)
    cnt                                      0x200001b8   Data           2  remote.o(.data)
    cnt_tmp                                  0x200001ba   Data           2  remote.o(.data)
    status                                   0x200001bc   Data           1  remote.o(.data)
    cnt                                      0x200001be   Data           2  remote.o(.data)
    cnt                                      0x200001c0   Data           1  remote.o(.data)
    .data                                    0x200001c4   Section      102  control.o(.data)
    p_spl0601                                0x200001c4   Data           4  control.o(.data)
    status                                   0x20000214   Data           1  control.o(.data)
    acc_offset                               0x20000216   Data           2  control.o(.data)
    high                                     0x20000218   Data           4  control.o(.data)
    thr_hold                                 0x2000021c   Data           4  control.o(.data)
    set_high                                 0x20000220   Data           1  control.o(.data)
    High_breaktime                           0x20000221   Data           1  control.o(.data)
    last_high                                0x20000224   Data           4  control.o(.data)
    status                                   0x20000228   Data           1  control.o(.data)
    status                                   0x20000229   Data           1  control.o(.data)
    .data                                    0x2000022c   Section       30  wifi_ufo.o(.data)
    p_spl0601                                0x2000022c   Data           4  wifi_ufo.o(.data)
    wifi_RxBuffer                            0x20000230   Data           8  wifi_ufo.o(.data)
    wifi_PUI                                 0x2000023c   Data           1  wifi_ufo.o(.data)
    wifi_RxBuffer22                          0x2000023d   Data           8  wifi_ufo.o(.data)
    _data_cnt                                0x20000245   Data           1  wifi_ufo.o(.data)
    state                                    0x20000246   Data           1  wifi_ufo.o(.data)
    temp                                     0x20000247   Data           1  wifi_ufo.o(.data)
    Connect_flag                             0x20000248   Data           1  wifi_ufo.o(.data)
    count10                                  0x20000249   Data           1  wifi_ufo.o(.data)
    .data                                    0x2000024c   Section        7  ano_data_transfer.o(.data)
    p_spl0601                                0x2000024c   Data           4  ano_data_transfer.o(.data)
    .data                                    0x20000254   Section       28  imu.o(.data)
    NormAccz                                 0x20000254   Data           4  imu.o(.data)
    KpDef                                    0x20000258   Data           4  imu.o(.data)
    KiDef                                    0x2000025c   Data           4  imu.o(.data)
    NumQ                                     0x20000260   Data          16  imu.o(.data)
    .data                                    0x20000270   Section        4  errno.o(.data)
    _errno                                   0x20000270   Data           4  errno.o(.data)
    .bss                                     0x20000274   Section      104  scheduler.o(.bss)
    spl0601                                  0x20000274   Data          44  scheduler.o(.bss)
    .bss                                     0x200002dc   Section     1696  init.o(.bss)
    spl0601                                  0x200002dc   Data          44  init.o(.bss)
    .bss                                     0x2000097c   Section      300  uart1.o(.bss)
    spl0601                                  0x2000097c   Data          44  uart1.o(.bss)
    .bss                                     0x20000aa8   Section      108  nrf24l01.o(.bss)
    spl0601                                  0x20000aa8   Data          44  nrf24l01.o(.bss)
    .bss                                     0x20000b14   Section       68  mpu6050.o(.bss)
    spl0601                                  0x20000b14   Data          44  mpu6050.o(.bss)
    tBuff                                    0x20000b4c   Data          12  mpu6050.o(.bss)
    .bss                                     0x20000b58   Section      228  spl06.o(.bss)
    spl0601                                  0x20000b58   Data          44  spl06.o(.bss)
    .bss                                     0x20000c3c   Section      236  flow.o(.bss)
    spl0601                                  0x20000c3c   Data          44  flow.o(.bss)
    RxBuffer                                 0x20000ce8   Data          32  flow.o(.bss)
    RxBuffer                                 0x20000d08   Data          32  flow.o(.bss)
    .bss                                     0x20000d28   Section      422  ano_dt.o(.bss)
    spl0601                                  0x20000d28   Data          44  ano_dt.o(.bss)
    RatePID                                  0x20000d54   Data          18  ano_dt.o(.bss)
    AnglePID                                 0x20000d66   Data          18  ano_dt.o(.bss)
    HighPID                                  0x20000d78   Data          18  ano_dt.o(.bss)
    HighPID4                                 0x20000d8a   Data          18  ano_dt.o(.bss)
    RxBuffer                                 0x20000e9c   Data          50  ano_dt.o(.bss)
    .bss                                     0x20000ed0   Section      108  ano_data_transfer.o(.bss)
    spl0601                                  0x20000ed0   Data          44  ano_data_transfer.o(.bss)
    .bss                                     0x20000f3c   Section       12  imu.o(.bss)
    GyroIntegError                           0x20000f3c   Data          12  imu.o(.bss)
    STACK                                    0x20000f48   Section     1024  startup_stm32f10x_md.o(STACK)

    Global Symbols

    Symbol Name                              Value     Ov Type        Size  Object(Section)

    BuildAttributes$$THM_ISAv4$P$D$K$B$S$PE$A:L22UL41UL21$X:L11$S22US41US21$IEEE1$IW$USESV6$~STKCKD$USESV7$~SHL$OTIME$ROPI$IEEEX$EBA8$MICROLIB$REQ8$PRES8$EABIv2 0x00000000   Number         0  anon$$obj.o ABSOLUTE
    __ARM_use_no_argv                        0x00000000   Number         0  main.o ABSOLUTE
    __cpp_initialize__aeabi_                  - Undefined Weak Reference
    __cxa_finalize                            - Undefined Weak Reference
    _clock_init                               - Undefined Weak Reference
    _microlib_exit                            - Undefined Weak Reference
    __Vectors_Size                           0x000000ec   Number         0  startup_stm32f10x_md.o ABSOLUTE
    __Vectors                                0x08000000   Data           4  startup_stm32f10x_md.o(RESET)
    __Vectors_End                            0x080000ec   Data           0  startup_stm32f10x_md.o(RESET)
    __main                                   0x080000ed   Thumb Code     0  entry.o(.ARM.Collect$$$$00000000)
    _main_stk                                0x080000ed   Thumb Code     0  entry2.o(.ARM.Collect$$$$00000001)
    _main_scatterload                        0x080000f1   Thumb Code     0  entry5.o(.ARM.Collect$$$$00000004)
    __main_after_scatterload                 0x080000f5   Thumb Code     0  entry5.o(.ARM.Collect$$$$00000004)
    _main_clock                              0x080000f5   Thumb Code     0  entry7b.o(.ARM.Collect$$$$00000008)
    _main_cpp_init                           0x080000f5   Thumb Code     0  entry8b.o(.ARM.Collect$$$$0000000A)
    _main_init                               0x080000f5   Thumb Code     0  entry9a.o(.ARM.Collect$$$$0000000B)
    __rt_final_cpp                           0x080000fd   Thumb Code     0  entry10a.o(.ARM.Collect$$$$0000000D)
    __rt_final_exit                          0x080000fd   Thumb Code     0  entry11a.o(.ARM.Collect$$$$0000000F)
    Reset_Handler                            0x08000101   Thumb Code     8  startup_stm32f10x_md.o(.text)
    ADC1_2_IRQHandler                        0x0800011b   Thumb Code     0  startup_stm32f10x_md.o(.text)
    CAN1_RX1_IRQHandler                      0x0800011b   Thumb Code     0  startup_stm32f10x_md.o(.text)
    CAN1_SCE_IRQHandler                      0x0800011b   Thumb Code     0  startup_stm32f10x_md.o(.text)
    DMA1_Channel1_IRQHandler                 0x0800011b   Thumb Code     0  startup_stm32f10x_md.o(.text)
    DMA1_Channel2_IRQHandler                 0x0800011b   Thumb Code     0  startup_stm32f10x_md.o(.text)
    DMA1_Channel3_IRQHandler                 0x0800011b   Thumb Code     0  startup_stm32f10x_md.o(.text)
    DMA1_Channel4_IRQHandler                 0x0800011b   Thumb Code     0  startup_stm32f10x_md.o(.text)
    DMA1_Channel5_IRQHandler                 0x0800011b   Thumb Code     0  startup_stm32f10x_md.o(.text)
    DMA1_Channel6_IRQHandler                 0x0800011b   Thumb Code     0  startup_stm32f10x_md.o(.text)
    DMA1_Channel7_IRQHandler                 0x0800011b   Thumb Code     0  startup_stm32f10x_md.o(.text)
    EXTI0_IRQHandler                         0x0800011b   Thumb Code     0  startup_stm32f10x_md.o(.text)
    EXTI15_10_IRQHandler                     0x0800011b   Thumb Code     0  startup_stm32f10x_md.o(.text)
    EXTI1_IRQHandler                         0x0800011b   Thumb Code     0  startup_stm32f10x_md.o(.text)
    EXTI2_IRQHandler                         0x0800011b   Thumb Code     0  startup_stm32f10x_md.o(.text)
    EXTI3_IRQHandler                         0x0800011b   Thumb Code     0  startup_stm32f10x_md.o(.text)
    EXTI4_IRQHandler                         0x0800011b   Thumb Code     0  startup_stm32f10x_md.o(.text)
    EXTI9_5_IRQHandler                       0x0800011b   Thumb Code     0  startup_stm32f10x_md.o(.text)
    FLASH_IRQHandler                         0x0800011b   Thumb Code     0  startup_stm32f10x_md.o(.text)
    I2C1_ER_IRQHandler                       0x0800011b   Thumb Code     0  startup_stm32f10x_md.o(.text)
    I2C1_EV_IRQHandler                       0x0800011b   Thumb Code     0  startup_stm32f10x_md.o(.text)
    I2C2_ER_IRQHandler                       0x0800011b   Thumb Code     0  startup_stm32f10x_md.o(.text)
    I2C2_EV_IRQHandler                       0x0800011b   Thumb Code     0  startup_stm32f10x_md.o(.text)
    PVD_IRQHandler                           0x0800011b   Thumb Code     0  startup_stm32f10x_md.o(.text)
    RCC_IRQHandler                           0x0800011b   Thumb Code     0  startup_stm32f10x_md.o(.text)
    RTCAlarm_IRQHandler                      0x0800011b   Thumb Code     0  startup_stm32f10x_md.o(.text)
    RTC_IRQHandler                           0x0800011b   Thumb Code     0  startup_stm32f10x_md.o(.text)
    SPI1_IRQHandler                          0x0800011b   Thumb Code     0  startup_stm32f10x_md.o(.text)
    SPI2_IRQHandler                          0x0800011b   Thumb Code     0  startup_stm32f10x_md.o(.text)
    TAMPER_IRQHandler                        0x0800011b   Thumb Code     0  startup_stm32f10x_md.o(.text)
    TIM1_BRK_IRQHandler                      0x0800011b   Thumb Code     0  startup_stm32f10x_md.o(.text)
    TIM1_CC_IRQHandler                       0x0800011b   Thumb Code     0  startup_stm32f10x_md.o(.text)
    TIM1_TRG_COM_IRQHandler                  0x0800011b   Thumb Code     0  startup_stm32f10x_md.o(.text)
    TIM1_UP_IRQHandler                       0x0800011b   Thumb Code     0  startup_stm32f10x_md.o(.text)
    TIM2_IRQHandler                          0x0800011b   Thumb Code     0  startup_stm32f10x_md.o(.text)
    TIM3_IRQHandler                          0x0800011b   Thumb Code     0  startup_stm32f10x_md.o(.text)
    TIM4_IRQHandler                          0x0800011b   Thumb Code     0  startup_stm32f10x_md.o(.text)
    USART2_IRQHandler                        0x0800011b   Thumb Code     0  startup_stm32f10x_md.o(.text)
    USBWakeUp_IRQHandler                     0x0800011b   Thumb Code     0  startup_stm32f10x_md.o(.text)
    USB_HP_CAN1_TX_IRQHandler                0x0800011b   Thumb Code     0  startup_stm32f10x_md.o(.text)
    USB_LP_CAN1_RX0_IRQHandler               0x0800011b   Thumb Code     0  startup_stm32f10x_md.o(.text)
    WWDG_IRQHandler                          0x0800011b   Thumb Code     0  startup_stm32f10x_md.o(.text)
    __aeabi_memcpy                           0x08000125   Thumb Code    36  memcpya.o(.text)
    __aeabi_memcpy4                          0x08000125   Thumb Code     0  memcpya.o(.text)
    __aeabi_memcpy8                          0x08000125   Thumb Code     0  memcpya.o(.text)
    __aeabi_memset                           0x08000149   Thumb Code    14  memseta.o(.text)
    __aeabi_memset4                          0x08000149   Thumb Code     0  memseta.o(.text)
    __aeabi_memset8                          0x08000149   Thumb Code     0  memseta.o(.text)
    __aeabi_memclr                           0x08000157   Thumb Code     4  memseta.o(.text)
    __aeabi_memclr4                          0x08000157   Thumb Code     0  memseta.o(.text)
    __aeabi_memclr8                          0x08000157   Thumb Code     0  memseta.o(.text)
    _memset$wrapper                          0x0800015b   Thumb Code    18  memseta.o(.text)
    __aeabi_fadd                             0x0800016d   Thumb Code   164  fadd.o(.text)
    __aeabi_fsub                             0x08000211   Thumb Code     6  fadd.o(.text)
    __aeabi_frsub                            0x08000217   Thumb Code     6  fadd.o(.text)
    __aeabi_fmul                             0x0800021d   Thumb Code   100  fmul.o(.text)
    __aeabi_fdiv                             0x08000281   Thumb Code   124  fdiv.o(.text)
    __aeabi_dadd                             0x080002fd   Thumb Code   322  dadd.o(.text)
    __aeabi_dsub                             0x0800043f   Thumb Code     6  dadd.o(.text)
    __aeabi_drsub                            0x08000445   Thumb Code     6  dadd.o(.text)
    __aeabi_dmul                             0x0800044b   Thumb Code   228  dmul.o(.text)
    __aeabi_i2f                              0x0800052f   Thumb Code    18  fflti.o(.text)
    __aeabi_ui2f                             0x08000541   Thumb Code    10  ffltui.o(.text)
    __aeabi_i2d                              0x0800054b   Thumb Code    34  dflti.o(.text)
    __aeabi_f2iz                             0x0800056d   Thumb Code    50  ffixi.o(.text)
    __aeabi_f2uiz                            0x0800059f   Thumb Code    40  ffixui.o(.text)
    __aeabi_d2uiz                            0x080005c7   Thumb Code    50  dfixui.o(.text)
    __aeabi_f2d                              0x080005f9   Thumb Code    38  f2d.o(.text)
    __aeabi_cdcmpeq                          0x08000621   Thumb Code     0  cdcmple.o(.text)
    __aeabi_cdcmple                          0x08000621   Thumb Code    48  cdcmple.o(.text)
    __aeabi_cdrcmple                         0x08000651   Thumb Code    48  cdrcmple.o(.text)
    __aeabi_d2f                              0x08000681   Thumb Code    56  d2f.o(.text)
    __aeabi_cfcmpeq                          0x080006b9   Thumb Code     0  cfcmple.o(.text)
    __aeabi_cfcmple                          0x080006b9   Thumb Code    20  cfcmple.o(.text)
    __aeabi_cfrcmple                         0x080006cd   Thumb Code    20  cfrcmple.o(.text)
    __aeabi_llsl                             0x080006e1   Thumb Code    30  llshl.o(.text)
    _ll_shift_l                              0x080006e1   Thumb Code     0  llshl.o(.text)
    __aeabi_llsr                             0x080006ff   Thumb Code    32  llushr.o(.text)
    _ll_ushift_r                             0x080006ff   Thumb Code     0  llushr.o(.text)
    __aeabi_lasr                             0x0800071f   Thumb Code    36  llsshr.o(.text)
    _ll_sshift_r                             0x0800071f   Thumb Code     0  llsshr.o(.text)
    __I$use$fp                               0x08000743   Thumb Code     0  iusefp.o(.text)
    _float_round                             0x08000743   Thumb Code    18  fepilogue.o(.text)
    _float_epilogue                          0x08000755   Thumb Code    92  fepilogue.o(.text)
    __ARM_scalbnf                            0x080007b1   Thumb Code    24  fscalb.o(.text)
    scalbnf                                  0x080007b1   Thumb Code     0  fscalb.o(.text)
    _double_round                            0x080007c9   Thumb Code    30  depilogue.o(.text)
    _double_epilogue                         0x080007e7   Thumb Code   156  depilogue.o(.text)
    __aeabi_ddiv                             0x08000883   Thumb Code   222  ddiv.o(.text)
    __ARM_scalbn                             0x08000961   Thumb Code    46  dscalb.o(.text)
    scalbn                                   0x08000961   Thumb Code     0  dscalb.o(.text)
    __scatterload                            0x08000991   Thumb Code    28  init.o(.text)
    __scatterload_rt2                        0x08000991   Thumb Code     0  init.o(.text)
    _dsqrt                                   0x080009b5   Thumb Code   162  dsqrt.o(.text)
    __aeabi_ui2d                             0x08000a57   Thumb Code    26  dfltui.o(.text)
    __aeabi_d2iz                             0x08000a71   Thumb Code    62  dfixi.o(.text)
    __decompress                             0x08000aaf   Thumb Code     0  __dczerorl2.o(.text)
    __decompress1                            0x08000aaf   Thumb Code    86  __dczerorl2.o(.text)
    ADC1_Init                                0x08000b35   Thumb Code    12  adc.o(i.ADC1_Init)
    ADC_Cmd                                  0x08000c21   Thumb Code    22  stm32f10x_adc.o(i.ADC_Cmd)
    ADC_DMACmd                               0x08000c37   Thumb Code    22  stm32f10x_adc.o(i.ADC_DMACmd)
    ADC_GetCalibrationStatus                 0x08000c4d   Thumb Code    20  stm32f10x_adc.o(i.ADC_GetCalibrationStatus)
    ADC_GetResetCalibrationStatus            0x08000c61   Thumb Code    20  stm32f10x_adc.o(i.ADC_GetResetCalibrationStatus)
    ADC_Init                                 0x08000c75   Thumb Code    70  stm32f10x_adc.o(i.ADC_Init)
    ADC_RegularChannelConfig                 0x08000cc5   Thumb Code   184  stm32f10x_adc.o(i.ADC_RegularChannelConfig)
    ADC_ResetCalibration                     0x08000d7d   Thumb Code    10  stm32f10x_adc.o(i.ADC_ResetCalibration)
    ADC_SoftwareStartConvCmd                 0x08000d87   Thumb Code    22  stm32f10x_adc.o(i.ADC_SoftwareStartConvCmd)
    ADC_StartCalibration                     0x08000d9d   Thumb Code    10  stm32f10x_adc.o(i.ADC_StartCalibration)
    ALL_Init                                 0x08000da9   Thumb Code   128  init.o(i.ALL_Init)
    ANO_DT_Data_Exchange                     0x08000e3d   Thumb Code  1504  ano_data_transfer.o(i.ANO_DT_Data_Exchange)
    ANO_DT_Data_Receive_Anl                  0x08001451   Thumb Code   462  ano_dt.o(i.ANO_DT_Data_Receive_Anl)
    ANO_DT_Data_Receive_Prepare              0x08001645   Thumb Code   216  ano_dt.o(i.ANO_DT_Data_Receive_Prepare)
    ANO_DT_Send_Data                         0x080017b1   Thumb Code    16  ano_data_transfer.o(i.ANO_DT_Send_Data)
    ANO_DT_Send_PID                          0x080017c1   Thumb Code   382  ano_data_transfer.o(i.ANO_DT_Send_PID)
    ANO_DT_Send_Power                        0x08001945   Thumb Code   238  ano_data_transfer.o(i.ANO_DT_Send_Power)
    ANO_DT_Send_RCData                       0x08001a39   Thumb Code   350  ano_data_transfer.o(i.ANO_DT_Send_RCData)
    ANO_DT_Send_Senser                       0x08001b9d   Thumb Code   406  ano_data_transfer.o(i.ANO_DT_Send_Senser)
    ANO_DT_Send_Senser2                      0x08001d39   Thumb Code   154  ano_data_transfer.o(i.ANO_DT_Send_Senser2)
    ANO_DT_Send_Status                       0x08001dd9   Thumb Code   318  ano_data_transfer.o(i.ANO_DT_Send_Status)
    ANO_DT_Send_speed                        0x08001f21   Thumb Code   176  ano_data_transfer.o(i.ANO_DT_Send_speed)
    ANO_NRF_Check_Event                      0x08001fd5   Thumb Code    86  nrf24l01.o(i.ANO_NRF_Check_Event)
    ANO_NRF_Init                             0x08002035   Thumb Code   240  nrf24l01.o(i.ANO_NRF_Init)
    ANO_NRF_TxPacket_AP                      0x08002131   Thumb Code    36  nrf24l01.o(i.ANO_NRF_TxPacket_AP)
    ANO_Uart1_Init                           0x08002159   Thumb Code   204  uart1.o(i.ANO_Uart1_Init)
    ANTO_polling                             0x0800260d   Thumb Code   592  ano_dt.o(i.ANTO_polling)
    BusFault_Handler                         0x080028a9   Thumb Code     4  stm32f10x_it.o(i.BusFault_Handler)
    CascadePID                               0x080028ad   Thumb Code    30  pid.o(i.CascadePID)
    DMA_Cmd                                  0x080028cb   Thumb Code    24  stm32f10x_dma.o(i.DMA_Cmd)
    DMA_DeInit                               0x080028e5   Thumb Code   324  stm32f10x_dma.o(i.DMA_DeInit)
    DMA_Init                                 0x08002a31   Thumb Code    60  stm32f10x_dma.o(i.DMA_Init)
    DebugMon_Handler                         0x08002a6d   Thumb Code     2  stm32f10x_it.o(i.DebugMon_Handler)
    Drv_Spl0601_Read                         0x08002a71   Thumb Code   132  spl06.o(i.Drv_Spl0601_Read)
    Duty_1000ms                              0x08002b19   Thumb Code   142  scheduler.o(i.Duty_1000ms)
    Duty_10ms                                0x08002bdd   Thumb Code    60  scheduler.o(i.Duty_10ms)
    Duty_20ms                                0x08002c25   Thumb Code    30  scheduler.o(i.Duty_20ms)
    Duty_2ms                                 0x08002c49   Thumb Code    40  scheduler.o(i.Duty_2ms)
    Duty_4ms                                 0x08002c79   Thumb Code    44  scheduler.o(i.Duty_4ms)
    Duty_50ms                                0x08002cad   Thumb Code    38  scheduler.o(i.Duty_50ms)
    Duty_6ms                                 0x08002cd9   Thumb Code    36  scheduler.o(i.Duty_6ms)
    Flag_Check                               0x08002d0d   Thumb Code   134  ano_data_transfer.o(i.Flag_Check)
    FlightPidControl                         0x08002db5   Thumb Code   272  control.o(i.FlightPidControl)
    Flow_Pos_Controler                       0x08002ef5   Thumb Code   376  control.o(i.Flow_Pos_Controler)
    Flow_Receive1                            0x080030a9   Thumb Code   392  flow.o(i.Flow_Receive1)
    Flow_mode_two                            0x08003249   Thumb Code   368  control.o(i.Flow_mode_two)
    GPIO_Init                                0x080033f5   Thumb Code   278  stm32f10x_gpio.o(i.GPIO_Init)
    GPIO_PinRemapConfig                      0x0800350d   Thumb Code   138  stm32f10x_gpio.o(i.GPIO_PinRemapConfig)
    GPIO_SetBits                             0x0800359d   Thumb Code     4  stm32f10x_gpio.o(i.GPIO_SetBits)
    GetAccz                                  0x080035a1   Thumb Code     6  imu.o(i.GetAccz)
    GetAngle                                 0x080035ad   Thumb Code  1880  imu.o(i.GetAngle)
    GetLockCode                              0x08003d19   Thumb Code    10  init.o(i.GetLockCode)
    GetSysTime_us                            0x08003d2d   Thumb Code    58  delay.o(i.GetSysTime_us)
    HardFault_Handler                        0x08003d71   Thumb Code     4  stm32f10x_it.o(i.HardFault_Handler)
    HeightPidControl                         0x08003d75   Thumb Code   504  control.o(i.HeightPidControl)
    Height_Get                               0x08003fbd   Thumb Code   582  spl06.o(i.Height_Get)
    High_Data_Calc                           0x08004241   Thumb Code   206  spl06.o(i.High_Data_Calc)
    High_Data_Reset                          0x08004355   Thumb Code    16  spl06.o(i.High_Data_Reset)
    IIC_Init                                 0x08004869   Thumb Code    38  iic_software.o(i.IIC_Init)
    IIC_Read_1Byte                           0x08004895   Thumb Code    82  iic_software.o(i.IIC_Read_1Byte)
    IIC_Read_One_Byte                        0x080048e7   Thumb Code   100  iic_software.o(i.IIC_Read_One_Byte)
    IIC_Write_One_Byte                       0x0800494b   Thumb Code    68  iic_software.o(i.IIC_Write_One_Byte)
    IIC_read_Bytes                           0x0800498f   Thumb Code   128  iic_software.o(i.IIC_read_Bytes)
    IWDG_Enable                              0x08004a11   Thumb Code    10  stm32f10x_iwdg.o(i.IWDG_Enable)
    IWDG_Feed                                0x08004a21   Thumb Code     8  main.o(i.IWDG_Feed)
    IWDG_Init                                0x08004a29   Thumb Code    36  main.o(i.IWDG_Init)
    IWDG_ReloadCounter                       0x08004a4d   Thumb Code    10  stm32f10x_iwdg.o(i.IWDG_ReloadCounter)
    IWDG_SetPrescaler                        0x08004a5d   Thumb Code     6  stm32f10x_iwdg.o(i.IWDG_SetPrescaler)
    IWDG_SetReload                           0x08004a69   Thumb Code     6  stm32f10x_iwdg.o(i.IWDG_SetReload)
    IWDG_WriteAccessCmd                      0x08004a75   Thumb Code     6  stm32f10x_iwdg.o(i.IWDG_WriteAccessCmd)
    LEDInit                                  0x08004add   Thumb Code    56  led.o(i.LEDInit)
    Loop_check                               0x08004b21   Thumb Code   102  scheduler.o(i.Loop_check)
    MemManage_Handler                        0x08004b8d   Thumb Code     4  stm32f10x_it.o(i.MemManage_Handler)
    Mode_Controler                           0x08004b91   Thumb Code   124  control.o(i.Mode_Controler)
    MotorControl                             0x08004c25   Thumb Code   638  control.o(i.MotorControl)
    Moving_Average                           0x08004ec9   Thumb Code   156  filter.o(i.Moving_Average)
    MpuGetData                               0x08004f6d   Thumb Code   220  mpu6050.o(i.MpuGetData)
    MpuGetOffset                             0x08005061   Thumb Code   284  mpu6050.o(i.MpuGetOffset)
    MpuInit                                  0x08005189   Thumb Code   158  mpu6050.o(i.MpuInit)
    NMI_Handler                              0x08005231   Thumb Code     2  stm32f10x_it.o(i.NMI_Handler)
    NRF24L01_Check                           0x08005235   Thumb Code    68  nrf24l01.o(i.NRF24L01_Check)
    NRF24L01_Configuration                   0x08005281   Thumb Code   134  nrf24l01.o(i.NRF24L01_Configuration)
    NRF24L01_Read_Buf                        0x08005311   Thumb Code    62  nrf24l01.o(i.NRF24L01_Read_Buf)
    NRF24L01_Read_Reg                        0x08005355   Thumb Code    40  nrf24l01.o(i.NRF24L01_Read_Reg)
    NRF24L01_Write_Buf                       0x08005381   Thumb Code    62  nrf24l01.o(i.NRF24L01_Write_Buf)
    NRF24L01_Write_Reg                       0x080053c5   Thumb Code    42  nrf24l01.o(i.NRF24L01_Write_Reg)
    NRF24L01_init                            0x080053f5   Thumb Code    84  nrf24l01.o(i.NRF24L01_init)
    NRF_Connect                              0x08005459   Thumb Code    78  nrf24l01.o(i.NRF_Connect)
    NVIC_Init                                0x080054b9   Thumb Code   100  misc.o(i.NVIC_Init)
    NVIC_PriorityGroupConfig                 0x08005529   Thumb Code    10  misc.o(i.NVIC_PriorityGroupConfig)
    PendSV_Handler                           0x0800553d   Thumb Code     2  stm32f10x_it.o(i.PendSV_Handler)
    PilotLED                                 0x08005541   Thumb Code   364  led.o(i.PilotLED)
    Pixel_Flow_Fix                           0x080056c1   Thumb Code   594  flow.o(i.Pixel_Flow_Fix)
    Q_rsqrt                                  0x0800593d   Thumb Code    74  mymath.o(i.Q_rsqrt)
    RCC_ADCCLKConfig                         0x0800598d   Thumb Code    18  stm32f10x_rcc.o(i.RCC_ADCCLKConfig)
    RCC_AHBPeriphClockCmd                    0x080059a5   Thumb Code    26  stm32f10x_rcc.o(i.RCC_AHBPeriphClockCmd)
    RCC_APB1PeriphClockCmd                   0x080059c5   Thumb Code    26  stm32f10x_rcc.o(i.RCC_APB1PeriphClockCmd)
    RCC_APB2PeriphClockCmd                   0x080059e5   Thumb Code    26  stm32f10x_rcc.o(i.RCC_APB2PeriphClockCmd)
    RCC_GetClocksFreq                        0x08005a05   Thumb Code   192  stm32f10x_rcc.o(i.RCC_GetClocksFreq)
    RC_Analy                                 0x08005ad9   Thumb Code   204  remote.o(i.RC_Analy)
    Rc_Connect                               0x08005bc9   Thumb Code    14  remote.o(i.Rc_Connect)
    SPI_Cmd                                  0x08005bd7   Thumb Code    24  stm32f10x_spi.o(i.SPI_Cmd)
    SPI_Config                               0x08005bf1   Thumb Code   140  spi.o(i.SPI_Config)
    SPI_I2S_GetFlagStatus                    0x08005c85   Thumb Code    18  stm32f10x_spi.o(i.SPI_I2S_GetFlagStatus)
    SPI_I2S_ReceiveData                      0x08005c97   Thumb Code     6  stm32f10x_spi.o(i.SPI_I2S_ReceiveData)
    SPI_I2S_SendData                         0x08005c9d   Thumb Code     4  stm32f10x_spi.o(i.SPI_I2S_SendData)
    SPI_Init                                 0x08005ca1   Thumb Code    60  stm32f10x_spi.o(i.SPI_Init)
    SPI_RW                                   0x08005cdd   Thumb Code    50  spi.o(i.SPI_RW)
    SVC_Handler                              0x08005d15   Thumb Code     2  stm32f10x_it.o(i.SVC_Handler)
    SysTick_Handler                          0x08005e01   Thumb Code     8  stm32f10x_it.o(i.SysTick_Handler)
    SysTick_IRQ                              0x08005e09   Thumb Code    60  delay.o(i.SysTick_IRQ)
    SystemInit                               0x08005e51   Thumb Code    78  system_stm32f10x.o(i.SystemInit)
    TIM2_PWM_Config                          0x08005eb1   Thumb Code   214  tim.o(i.TIM2_PWM_Config)
    TIM3_PWM_Config                          0x08005f91   Thumb Code   222  tim.o(i.TIM3_PWM_Config)
    TIM_ARRPreloadConfig                     0x08006081   Thumb Code    24  stm32f10x_tim.o(i.TIM_ARRPreloadConfig)
    TIM_Cmd                                  0x08006099   Thumb Code    24  stm32f10x_tim.o(i.TIM_Cmd)
    TIM_ITConfig                             0x080060b1   Thumb Code    18  stm32f10x_tim.o(i.TIM_ITConfig)
    TIM_OC1Init                              0x080060c5   Thumb Code   132  stm32f10x_tim.o(i.TIM_OC1Init)
    TIM_OC1PreloadConfig                     0x0800615d   Thumb Code    18  stm32f10x_tim.o(i.TIM_OC1PreloadConfig)
    TIM_OC2Init                              0x08006171   Thumb Code   154  stm32f10x_tim.o(i.TIM_OC2Init)
    TIM_OC2PreloadConfig                     0x08006215   Thumb Code    26  stm32f10x_tim.o(i.TIM_OC2PreloadConfig)
    TIM_OC3Init                              0x08006231   Thumb Code   150  stm32f10x_tim.o(i.TIM_OC3Init)
    TIM_OC3PreloadConfig                     0x080062d1   Thumb Code    18  stm32f10x_tim.o(i.TIM_OC3PreloadConfig)
    TIM_OC4Init                              0x080062e5   Thumb Code   114  stm32f10x_tim.o(i.TIM_OC4Init)
    TIM_OC4PreloadConfig                     0x08006361   Thumb Code    26  stm32f10x_tim.o(i.TIM_OC4PreloadConfig)
    TIM_TimeBaseInit                         0x0800637d   Thumb Code   122  stm32f10x_tim.o(i.TIM_TimeBaseInit)
    UART2_Init                               0x08006421   Thumb Code   192  usart2.o(i.UART2_Init)
    USART1_IRQHandler                        0x080064e9   Thumb Code   118  uart1.o(i.USART1_IRQHandler)
    USART3_Config                            0x08006571   Thumb Code   196  usart3.o(i.USART3_Config)
    USART3_IRQHandler                        0x0800663d   Thumb Code   102  ano_dt.o(i.USART3_IRQHandler)
    USART3_SendByte                          0x080066b5   Thumb Code    44  usart3.o(i.USART3_SendByte)
    USART_ClockInit                          0x080066e5   Thumb Code    34  stm32f10x_usart.o(i.USART_ClockInit)
    USART_Cmd                                0x08006707   Thumb Code    24  stm32f10x_usart.o(i.USART_Cmd)
    USART_GetFlagStatus                      0x0800671f   Thumb Code    26  stm32f10x_usart.o(i.USART_GetFlagStatus)
    USART_ITConfig                           0x08006739   Thumb Code    74  stm32f10x_usart.o(i.USART_ITConfig)
    USART_Init                               0x08006785   Thumb Code   210  stm32f10x_usart.o(i.USART_Init)
    USART_ReceiveData                        0x0800685d   Thumb Code    10  stm32f10x_usart.o(i.USART_ReceiveData)
    USART_SendData                           0x08006867   Thumb Code     8  stm32f10x_usart.o(i.USART_SendData)
    UsageFault_Handler                       0x0800686f   Thumb Code     4  stm32f10x_it.o(i.UsageFault_Handler)
    Voltage_Check                            0x08006875   Thumb Code   208  adc.o(i.Voltage_Check)
    WIFI_UFO_Connect                         0x0800695d   Thumb Code    98  wifi_ufo.o(i.WIFI_UFO_Connect)
    WIFI_UFO_Data_Receive_Anl                0x080069d9   Thumb Code   350  wifi_ufo.o(i.WIFI_UFO_Data_Receive_Anl)
    __ARM_fpclassify                         0x08006b51   Thumb Code    40  fpclassify.o(i.__ARM_fpclassify)
    __ARM_fpclassifyf                        0x08006b79   Thumb Code    38  fpclassifyf.o(i.__ARM_fpclassifyf)
    __ieee754_rem_pio2                       0x08006ba1   Thumb Code   828  rred.o(i.__ieee754_rem_pio2)
    __kernel_poly                            0x08006f29   Thumb Code   170  poly.o(i.__kernel_poly)
    __kernel_tan                             0x08006fd5   Thumb Code   586  tan_i.o(i.__kernel_tan)
    __mathlib_dbl_infnan                     0x08007251   Thumb Code     6  dunder.o(i.__mathlib_dbl_infnan)
    __mathlib_dbl_invalid                    0x08007257   Thumb Code    12  dunder.o(i.__mathlib_dbl_invalid)
    __mathlib_dbl_underflow                  0x08007265   Thumb Code    10  dunder.o(i.__mathlib_dbl_underflow)
    __mathlib_flt_infnan2                    0x08007275   Thumb Code     4  funder.o(i.__mathlib_flt_infnan2)
    __mathlib_flt_underflow                  0x08007279   Thumb Code    10  funder.o(i.__mathlib_flt_underflow)
    __scatterload_copy                       0x08007283   Thumb Code    14  handlers.o(i.__scatterload_copy)
    __scatterload_null                       0x08007291   Thumb Code     2  handlers.o(i.__scatterload_null)
    __scatterload_zeroinit                   0x08007293   Thumb Code    14  handlers.o(i.__scatterload_zeroinit)
    __set_errno                              0x080072a1   Thumb Code     6  errno.o(i.__set_errno)
    asin                                     0x080072ad   Thumb Code   572  asin.o(i.asin)
    atan2f                                   0x0800751d   Thumb Code   528  atan2f.o(i.atan2f)
    cycleCounterInit                         0x08007779   Thumb Code    26  delay.o(i.cycleCounterInit)
    delay_ms                                 0x0800779d   Thumb Code    44  delay.o(i.delay_ms)
    fix_inte_filter                          0x080077cd   Thumb Code   108  spl06.o(i.fix_inte_filter)
    kalman_1                                 0x08007839   Thumb Code    88  kalman.o(i.kalman_1)
    main                                     0x08007891   Thumb Code   118  main.o(i.main)
    main_loop                                0x08007915   Thumb Code   160  scheduler.o(i.main_loop)
    pidRest                                  0x080079b9   Thumb Code    44  pid.o(i.pidRest)
    pidUpdate                                0x080079e5   Thumb Code   106  pid.o(i.pidUpdate)
    pid_param_Init                           0x08007a51   Thumb Code   184  init.o(i.pid_param_Init)
    remote_unlock                            0x08007b61   Thumb Code   270  remote.o(i.remote_unlock)
    spl0601_get_calib_param                  0x08007c8d   Thumb Code   476  spl06.o(i.spl0601_get_calib_param)
    spl0601_get_pressure1                    0x08007e71   Thumb Code   276  spl06.o(i.spl0601_get_pressure1)
    spl0601_get_raw_pressure                 0x08007f89   Thumb Code   102  spl06.o(i.spl0601_get_raw_pressure)
    spl0601_get_raw_temp                     0x08007ff5   Thumb Code   106  spl06.o(i.spl0601_get_raw_temp)
    spl0601_get_temperature                  0x08008065   Thumb Code   112  spl06.o(i.spl0601_get_temperature)
    spl0601_init                             0x080080dd   Thumb Code    78  spl06.o(i.spl0601_init)
    spl0601_rateset                          0x08008135   Thumb Code   318  spl06.o(i.spl0601_rateset)
    spl0601_read                             0x08008279   Thumb Code    22  spl06.o(i.spl0601_read)
    spl0601_start_continuous                 0x0800828f   Thumb Code    18  spl06.o(i.spl0601_start_continuous)
    spl0601_write                            0x080082a1   Thumb Code    20  spl06.o(i.spl0601_write)
    sqrt                                     0x080082b5   Thumb Code    76  sqrt.o(i.sqrt)
    tan                                      0x08008301   Thumb Code    90  tan.o(i.tan)
    TX_ADDRESS                               0x08008364   Data           5  nrf24l01.o(.constdata)
    RX_ADDRESS                               0x08008369   Data           5  nrf24l01.o(.constdata)
    M_PI                                     0x08008370   Data           4  mymath.o(.constdata)
    RtA                                      0x08008374   Data           4  mymath.o(.constdata)
    AtR                                      0x08008378   Data           4  mymath.o(.constdata)
    Gyro_G                                   0x0800837c   Data           4  mymath.o(.constdata)
    Gyro_Gr                                  0x08008380   Data           4  mymath.o(.constdata)
    PI_2                                     0x08008384   Data           4  mymath.o(.constdata)
    Region$$Table$$Base                      0x08008500   Number         0  anon$$obj.o(Region$$Table)
    Region$$Table$$Limit                     0x08008520   Number         0  anon$$obj.o(Region$$Table)
    SystemCoreClock                          0x20000000   Data           4  system_stm32f10x.o(.data)
    AHBPrescTable                            0x20000004   Data          16  system_stm32f10x.o(.data)
    SysTick_count22                          0x20000018   Data           4  delay.o(.data)
    sys_init_ok                              0x2000001c   Data           1  delay.o(.data)
    time_sum                                 0x20000024   Data           4  scheduler.o(.data)
    SysTick_count                            0x2000002c   Data           4  init.o(.data)
    spl_flag                                 0x20000030   Data           1  init.o(.data)
    AK8975                                   0x20000032   Data           6  init.o(.data)
    ST_CpuID                                 0x20000038   Data           4  init.o(.data)
    Command                                  0x2000003c   Data           3  init.o(.data)
    ADC_ConvertedValue                       0x20000058   Data           4  adc.o(.data)
    voltage                                  0x2000005c   Data           2  adc.o(.data)
    TxCounter                                0x20000068   Data           1  uart1.o(.data)
    count                                    0x20000069   Data           1  uart1.o(.data)
    com_data                                 0x2000006a   Data           1  uart1.o(.data)
    LED                                      0x20000070   Data           4  led.o(.data)
    LED_warn                                 0x20000074   Data           1  led.o(.data)
    falg_Time                                0x20000076   Data           2  led.o(.data)
    MPU_Err                                  0x20000080   Data           1  nrf24l01.o(.data)
    NRF_Err                                  0x20000081   Data           1  nrf24l01.o(.data)
    SPL_Err                                  0x20000082   Data           1  nrf24l01.o(.data)
    NRF_SSI                                  0x20000083   Data           1  nrf24l01.o(.data)
    NRF_SSI_CNT                              0x20000084   Data           1  nrf24l01.o(.data)
    Nrf_Erro                                 0x20000086   Data           2  nrf24l01.o(.data)
    _CH                                      0x20000088   Data           1  nrf24l01.o(.data)
    ult_err                                  0x200000e0   Data           1  spl06.o(.data)
    ult_ok                                   0x200000e1   Data           1  spl06.o(.data)
    Locat_SSI                                0x200000e2   Data           1  spl06.o(.data)
    Locat_SSI_CNT                            0x200000e3   Data           1  spl06.o(.data)
    Locat_Err                                0x200000e4   Data           1  spl06.o(.data)
    Locat_Mode                               0x200000e5   Data           1  spl06.o(.data)
    Flow_SSI                                 0x200000e6   Data           1  spl06.o(.data)
    Flow_SSI_CNT                             0x200000e7   Data           1  spl06.o(.data)
    Flow_Err                                 0x200000e8   Data           1  spl06.o(.data)
    alt_3                                    0x200000ec   Data           4  spl06.o(.data)
    height                                   0x200000f0   Data           4  spl06.o(.data)
    temperature                              0x200000f4   Data           4  spl06.o(.data)
    baro_pressure                            0x200000f8   Data           4  spl06.o(.data)
    baro_height                              0x200000fc   Data           4  spl06.o(.data)
    baro_height_old                          0x20000100   Data           4  spl06.o(.data)
    baro_Offset                              0x20000104   Data           4  spl06.o(.data)
    baro_speed_o                             0x20000108   Data           4  spl06.o(.data)
    baro_speed                               0x2000010c   Data           4  spl06.o(.data)
    speed_av                                 0x20000110   Data           4  spl06.o(.data)
    speed_av_cnt                             0x20000114   Data           2  spl06.o(.data)
    speed_delta                              0x20000118   Data           4  spl06.o(.data)
    speed_delta_lpf                          0x2000011c   Data           4  spl06.o(.data)
    baro_start                               0x20000120   Data           1  spl06.o(.data)
    wcz_ref_h                                0x20000124   Data           4  spl06.o(.data)
    wcz_ref_hs                               0x20000128   Data           4  spl06.o(.data)
    wcz_ref_x                                0x2000012c   Data           4  spl06.o(.data)
    wcz_ref_xs                               0x20000130   Data           4  spl06.o(.data)
    wcz_ref_y                                0x20000134   Data           4  spl06.o(.data)
    wcz_ref_ys                               0x20000138   Data           4  spl06.o(.data)
    high_calc_en                             0x2000013c   Data           1  spl06.o(.data)
    flag                                     0x2000019c   Data           6  ano_dt.o(.data)
    TxCounter3                               0x200001aa   Data           1  ano_dt.o(.data)
    count3                                   0x200001ab   Data           1  ano_dt.o(.data)
    test_flag                                0x200001b4   Data           2  remote.o(.data)
    set_flag                                 0x200001b6   Data           2  remote.o(.data)
    Throttle_out                             0x200001c8   Data           4  control.o(.data)
    pPidObject                               0x200001cc   Data          48  control.o(.data)
    HIGH_START                               0x200001fc   Data           2  control.o(.data)
    altHold_Pos_Save                         0x20000200   Data           4  control.o(.data)
    Pos_breaktime                            0x20000204   Data           4  control.o(.data)
    Pos_break_save                           0x20000208   Data           4  control.o(.data)
    motor                                    0x2000020c   Data           8  control.o(.data)
    WIFI_UFO_Err                             0x20000238   Data           2  wifi_ufo.o(.data)
    WIFI_SSI                                 0x2000023a   Data           1  wifi_ufo.o(.data)
    WIFI_SSI_CNT                             0x2000023b   Data           1  wifi_ufo.o(.data)
    cnt                                      0x20000250   Data           1  ano_data_transfer.o(.data)
    yaw_lock                                 0x20000251   Data           1  ano_data_transfer.o(.data)
    Send_Check                               0x20000252   Data           1  ano_data_transfer.o(.data)
    loop                                     0x200002a0   Data          18  scheduler.o(.bss)
    time                                     0x200002b4   Data          40  scheduler.o(.bss)
    MPU6050                                  0x20000308   Data          12  init.o(.bss)
    Angle                                    0x20000314   Data          12  init.o(.bss)
    Remote                                   0x20000320   Data          22  init.o(.bss)
    ALL_flag                                 0x20000338   Data          12  init.o(.bss)
    FlightData                               0x20000344   Data          16  init.o(.bss)
    pidRateX                                 0x20000354   Data         128  init.o(.bss)
    pidRateY                                 0x200003d4   Data         128  init.o(.bss)
    pidRateZ                                 0x20000454   Data         128  init.o(.bss)
    pidPitch                                 0x200004d4   Data         128  init.o(.bss)
    pidRoll                                  0x20000554   Data         128  init.o(.bss)
    pidYaw                                   0x200005d4   Data         128  init.o(.bss)
    pidHeightRate                            0x20000654   Data         128  init.o(.bss)
    pidHeightHigh                            0x200006d4   Data         128  init.o(.bss)
    Flow_PosPid_x                            0x20000754   Data         128  init.o(.bss)
    Flow_PosPid_y                            0x200007d4   Data         128  init.o(.bss)
    Flow_SpeedPid_x                          0x20000854   Data         128  init.o(.bss)
    Flow_SpeedPid_y                          0x200008d4   Data         128  init.o(.bss)
    IMU                                      0x20000954   Data          40  init.o(.bss)
    TxBuffer                                 0x200009a8   Data         256  uart1.o(.bss)
    NRF24L01_2_RXDATA                        0x20000ad4   Data          32  nrf24l01.o(.bss)
    NRF24L01_2_TXDATA                        0x20000af4   Data          32  nrf24l01.o(.bss)
    MpuOffset                                0x20000b40   Data          12  mpu6050.o(.bss)
    speed_av_arr                             0x20000b84   Data          40  spl06.o(.bss)
    wcz_h_fus                                0x20000bac   Data          24  spl06.o(.bss)
    wcz_hs_fus                               0x20000bc4   Data          24  spl06.o(.bss)
    wcz_x_fus                                0x20000bdc   Data          24  spl06.o(.bss)
    wcz_xs_fus                               0x20000bf4   Data          24  spl06.o(.bss)
    wcz_y_fus                                0x20000c0c   Data          24  spl06.o(.bss)
    wcz_ys_fus                               0x20000c24   Data          24  spl06.o(.bss)
    mini                                     0x20000c68   Data          36  flow.o(.bss)
    pixel_flow                               0x20000c8c   Data          92  flow.o(.bss)
    TxBuffer3                                0x20000d9c   Data         256  ano_dt.o(.bss)
    f                                        0x20000efc   Data          14  ano_data_transfer.o(.bss)
    data_to_send                             0x20000f0a   Data          50  ano_data_transfer.o(.bss)
    __initial_sp                             0x20001348   Data           0  startup_stm32f10x_md.o(STACK)



==============================================================================

Memory Map of the image

  Image Entry point : 0x080000ed

  Load Region LR_IROM1 (Base: 0x08000000, Size: 0x00008794, Max: 0x00010000, ABSOLUTE, COMPRESSED[0x000085ac])

    Execution Region ER_IROM1 (Exec base: 0x08000000, Load base: 0x08000000, Size: 0x00008520, Max: 0x00010000, ABSOLUTE)

    Exec Addr    Load Addr    Size         Type   Attr      Idx    E Section Name        Object

    0x08000000   0x08000000   0x000000ec   Data   RO          105    RESET               startup_stm32f10x_md.o
    0x080000ec   0x080000ec   0x00000000   Code   RO         5020  * .ARM.Collect$$$$00000000  mc_w.l(entry.o)
    0x080000ec   0x080000ec   0x00000004   Code   RO         5124    .ARM.Collect$$$$00000001  mc_w.l(entry2.o)
    0x080000f0   0x080000f0   0x00000004   Code   RO         5127    .ARM.Collect$$$$00000004  mc_w.l(entry5.o)
    0x080000f4   0x080000f4   0x00000000   Code   RO         5129    .ARM.Collect$$$$00000008  mc_w.l(entry7b.o)
    0x080000f4   0x080000f4   0x00000000   Code   RO         5131    .ARM.Collect$$$$0000000A  mc_w.l(entry8b.o)
    0x080000f4   0x080000f4   0x00000008   Code   RO         5132    .ARM.Collect$$$$0000000B  mc_w.l(entry9a.o)
    0x080000fc   0x080000fc   0x00000000   Code   RO         5134    .ARM.Collect$$$$0000000D  mc_w.l(entry10a.o)
    0x080000fc   0x080000fc   0x00000000   Code   RO         5136    .ARM.Collect$$$$0000000F  mc_w.l(entry11a.o)
    0x080000fc   0x080000fc   0x00000004   Code   RO         5125    .ARM.Collect$$$$00002712  mc_w.l(entry2.o)
    0x08000100   0x08000100   0x00000024   Code   RO          106    .text               startup_stm32f10x_md.o
    0x08000124   0x08000124   0x00000024   Code   RO         5023    .text               mc_w.l(memcpya.o)
    0x08000148   0x08000148   0x00000024   Code   RO         5025    .text               mc_w.l(memseta.o)
    0x0800016c   0x0800016c   0x000000b0   Code   RO         5029    .text               mf_w.l(fadd.o)
    0x0800021c   0x0800021c   0x00000064   Code   RO         5031    .text               mf_w.l(fmul.o)
    0x08000280   0x08000280   0x0000007c   Code   RO         5033    .text               mf_w.l(fdiv.o)
    0x080002fc   0x080002fc   0x0000014e   Code   RO         5035    .text               mf_w.l(dadd.o)
    0x0800044a   0x0800044a   0x000000e4   Code   RO         5037    .text               mf_w.l(dmul.o)
    0x0800052e   0x0800052e   0x00000012   Code   RO         5039    .text               mf_w.l(fflti.o)
    0x08000540   0x08000540   0x0000000a   Code   RO         5041    .text               mf_w.l(ffltui.o)
    0x0800054a   0x0800054a   0x00000022   Code   RO         5043    .text               mf_w.l(dflti.o)
    0x0800056c   0x0800056c   0x00000032   Code   RO         5045    .text               mf_w.l(ffixi.o)
    0x0800059e   0x0800059e   0x00000028   Code   RO         5047    .text               mf_w.l(ffixui.o)
    0x080005c6   0x080005c6   0x00000032   Code   RO         5049    .text               mf_w.l(dfixui.o)
    0x080005f8   0x080005f8   0x00000026   Code   RO         5051    .text               mf_w.l(f2d.o)
    0x0800061e   0x0800061e   0x00000002   PAD
    0x08000620   0x08000620   0x00000030   Code   RO         5053    .text               mf_w.l(cdcmple.o)
    0x08000650   0x08000650   0x00000030   Code   RO         5055    .text               mf_w.l(cdrcmple.o)
    0x08000680   0x08000680   0x00000038   Code   RO         5057    .text               mf_w.l(d2f.o)
    0x080006b8   0x080006b8   0x00000014   Code   RO         5059    .text               mf_w.l(cfcmple.o)
    0x080006cc   0x080006cc   0x00000014   Code   RO         5061    .text               mf_w.l(cfrcmple.o)
    0x080006e0   0x080006e0   0x0000001e   Code   RO         5138    .text               mc_w.l(llshl.o)
    0x080006fe   0x080006fe   0x00000020   Code   RO         5140    .text               mc_w.l(llushr.o)
    0x0800071e   0x0800071e   0x00000024   Code   RO         5142    .text               mc_w.l(llsshr.o)
    0x08000742   0x08000742   0x00000000   Code   RO         5151    .text               mc_w.l(iusefp.o)
    0x08000742   0x08000742   0x0000006e   Code   RO         5152    .text               mf_w.l(fepilogue.o)
    0x080007b0   0x080007b0   0x00000018   Code   RO         5154    .text               mf_w.l(fscalb.o)
    0x080007c8   0x080007c8   0x000000ba   Code   RO         5156    .text               mf_w.l(depilogue.o)
    0x08000882   0x08000882   0x000000de   Code   RO         5158    .text               mf_w.l(ddiv.o)
    0x08000960   0x08000960   0x0000002e   Code   RO         5160    .text               mf_w.l(dscalb.o)
    0x0800098e   0x0800098e   0x00000002   PAD
    0x08000990   0x08000990   0x00000024   Code   RO         5162    .text               mc_w.l(init.o)
    0x080009b4   0x080009b4   0x000000a2   Code   RO         5166    .text               mf_w.l(dsqrt.o)
    0x08000a56   0x08000a56   0x0000001a   Code   RO         5168    .text               mf_w.l(dfltui.o)
    0x08000a70   0x08000a70   0x0000003e   Code   RO         5170    .text               mf_w.l(dfixi.o)
    0x08000aae   0x08000aae   0x00000056   Code   RO         5180    .text               mc_w.l(__dczerorl2.o)
    0x08000b04   0x08000b04   0x00000030   Code   RO         3629    i.ADC1_GPIO_Config  adc.o
    0x08000b34   0x08000b34   0x0000000c   Code   RO         3630    i.ADC1_Init         adc.o
    0x08000b40   0x08000b40   0x000000e0   Code   RO         3631    i.ADC1_Mode_Config  adc.o
    0x08000c20   0x08000c20   0x00000016   Code   RO          546    i.ADC_Cmd           stm32f10x_adc.o
    0x08000c36   0x08000c36   0x00000016   Code   RO          547    i.ADC_DMACmd        stm32f10x_adc.o
    0x08000c4c   0x08000c4c   0x00000014   Code   RO          554    i.ADC_GetCalibrationStatus  stm32f10x_adc.o
    0x08000c60   0x08000c60   0x00000014   Code   RO          560    i.ADC_GetResetCalibrationStatus  stm32f10x_adc.o
    0x08000c74   0x08000c74   0x00000050   Code   RO          564    i.ADC_Init          stm32f10x_adc.o
    0x08000cc4   0x08000cc4   0x000000b8   Code   RO          568    i.ADC_RegularChannelConfig  stm32f10x_adc.o
    0x08000d7c   0x08000d7c   0x0000000a   Code   RO          569    i.ADC_ResetCalibration  stm32f10x_adc.o
    0x08000d86   0x08000d86   0x00000016   Code   RO          571    i.ADC_SoftwareStartConvCmd  stm32f10x_adc.o
    0x08000d9c   0x08000d9c   0x0000000a   Code   RO          573    i.ADC_StartCalibration  stm32f10x_adc.o
    0x08000da6   0x08000da6   0x00000002   PAD
    0x08000da8   0x08000da8   0x00000094   Code   RO          469    i.ALL_Init          init.o
    0x08000e3c   0x08000e3c   0x00000614   Code   RO         4595    i.ANO_DT_Data_Exchange  ano_data_transfer.o
    0x08001450   0x08001450   0x000001f4   Code   RO         4395    i.ANO_DT_Data_Receive_Anl  ano_dt.o
    0x08001644   0x08001644   0x000000e8   Code   RO         4396    i.ANO_DT_Data_Receive_Prepare  ano_dt.o
    0x0800172c   0x0800172c   0x00000084   Code   RO         4397    i.ANO_DT_Send_Check  ano_dt.o
    0x080017b0   0x080017b0   0x00000010   Code   RO         4596    i.ANO_DT_Send_Data  ano_data_transfer.o
    0x080017c0   0x080017c0   0x00000184   Code   RO         4599    i.ANO_DT_Send_PID   ano_data_transfer.o
    0x08001944   0x08001944   0x000000f4   Code   RO         4600    i.ANO_DT_Send_Power  ano_data_transfer.o
    0x08001a38   0x08001a38   0x00000164   Code   RO         4601    i.ANO_DT_Send_RCData  ano_data_transfer.o
    0x08001b9c   0x08001b9c   0x0000019c   Code   RO         4602    i.ANO_DT_Send_Senser  ano_data_transfer.o
    0x08001d38   0x08001d38   0x000000a0   Code   RO         4603    i.ANO_DT_Send_Senser2  ano_data_transfer.o
    0x08001dd8   0x08001dd8   0x00000148   Code   RO         4605    i.ANO_DT_Send_Status  ano_data_transfer.o
    0x08001f20   0x08001f20   0x000000b4   Code   RO         4607    i.ANO_DT_Send_speed  ano_data_transfer.o
    0x08001fd4   0x08001fd4   0x00000060   Code   RO         3842    i.ANO_NRF_Check_Event  nrf24l01.o
    0x08002034   0x08002034   0x000000fc   Code   RO         3843    i.ANO_NRF_Init      nrf24l01.o
    0x08002130   0x08002130   0x00000028   Code   RO         3844    i.ANO_NRF_TxPacket_AP  nrf24l01.o
    0x08002158   0x08002158   0x000000d4   Code   RO         3725    i.ANO_Uart1_Init    uart1.o
    0x0800222c   0x0800222c   0x000003e0   Code   RO         4399    i.ANTO_Send         ano_dt.o
    0x0800260c   0x0800260c   0x0000029c   Code   RO         4400    i.ANTO_polling      ano_dt.o
    0x080028a8   0x080028a8   0x00000004   Code   RO          110    i.BusFault_Handler  stm32f10x_it.o
    0x080028ac   0x080028ac   0x0000001e   Code   RO         4959    i.CascadePID        pid.o
    0x080028ca   0x080028ca   0x00000018   Code   RO         1246    i.DMA_Cmd           stm32f10x_dma.o
    0x080028e2   0x080028e2   0x00000002   PAD
    0x080028e4   0x080028e4   0x0000014c   Code   RO         1247    i.DMA_DeInit        stm32f10x_dma.o
    0x08002a30   0x08002a30   0x0000003c   Code   RO         1252    i.DMA_Init          stm32f10x_dma.o
    0x08002a6c   0x08002a6c   0x00000002   Code   RO          111    i.DebugMon_Handler  stm32f10x_it.o
    0x08002a6e   0x08002a6e   0x00000002   PAD
    0x08002a70   0x08002a70   0x000000a8   Code   RO         4097    i.Drv_Spl0601_Read  spl06.o
    0x08002b18   0x08002b18   0x000000c4   Code   RO          397    i.Duty_1000ms       scheduler.o
    0x08002bdc   0x08002bdc   0x00000048   Code   RO          398    i.Duty_10ms         scheduler.o
    0x08002c24   0x08002c24   0x00000024   Code   RO          399    i.Duty_20ms         scheduler.o
    0x08002c48   0x08002c48   0x00000030   Code   RO          400    i.Duty_2ms          scheduler.o
    0x08002c78   0x08002c78   0x00000034   Code   RO          401    i.Duty_4ms          scheduler.o
    0x08002cac   0x08002cac   0x0000002c   Code   RO          402    i.Duty_50ms         scheduler.o
    0x08002cd8   0x08002cd8   0x00000034   Code   RO          403    i.Duty_6ms          scheduler.o
    0x08002d0c   0x08002d0c   0x000000a8   Code   RO         4608    i.Flag_Check        ano_data_transfer.o
    0x08002db4   0x08002db4   0x00000140   Code   RO         4501    i.FlightPidControl  control.o
    0x08002ef4   0x08002ef4   0x000001b4   Code   RO         4502    i.Flow_Pos_Controler  control.o
    0x080030a8   0x080030a8   0x000001a0   Code   RO         4231    i.Flow_Receive1     flow.o
    0x08003248   0x08003248   0x000001ac   Code   RO         4503    i.Flow_mode_two     control.o
    0x080033f4   0x080033f4   0x00000116   Code   RO         1673    i.GPIO_Init         stm32f10x_gpio.o
    0x0800350a   0x0800350a   0x00000002   PAD
    0x0800350c   0x0800350c   0x00000090   Code   RO         1675    i.GPIO_PinRemapConfig  stm32f10x_gpio.o
    0x0800359c   0x0800359c   0x00000004   Code   RO         1681    i.GPIO_SetBits      stm32f10x_gpio.o
    0x080035a0   0x080035a0   0x0000000c   Code   RO         4831    i.GetAccz           imu.o
    0x080035ac   0x080035ac   0x0000076c   Code   RO         4832    i.GetAngle          imu.o
    0x08003d18   0x08003d18   0x00000014   Code   RO          470    i.GetLockCode       init.o
    0x08003d2c   0x08003d2c   0x00000044   Code   RO          339    i.GetSysTime_us     delay.o
    0x08003d70   0x08003d70   0x00000004   Code   RO          112    i.HardFault_Handler  stm32f10x_it.o
    0x08003d74   0x08003d74   0x00000248   Code   RO         4504    i.HeightPidControl  control.o
    0x08003fbc   0x08003fbc   0x00000284   Code   RO         4098    i.Height_Get        spl06.o
    0x08004240   0x08004240   0x00000114   Code   RO         4099    i.High_Data_Calc    spl06.o
    0x08004354   0x08004354   0x00000018   Code   RO         4100    i.High_Data_Reset   spl06.o
    0x0800436c   0x0800436c   0x000000cc   Code   RO         3498    i.I2c_Ack           iic_software.o
    0x08004438   0x08004438   0x000000cc   Code   RO         3499    i.I2c_NoAck         iic_software.o
    0x08004504   0x08004504   0x000000c0   Code   RO         3500    i.I2c_ReadByte      iic_software.o
    0x080045c4   0x080045c4   0x000000c0   Code   RO         3501    i.I2c_SendByte      iic_software.o
    0x08004684   0x08004684   0x00000094   Code   RO         3503    i.I2c_Start         iic_software.o
    0x08004718   0x08004718   0x0000009c   Code   RO         3504    i.I2c_Stop          iic_software.o
    0x080047b4   0x080047b4   0x000000b4   Code   RO         3505    i.I2c_WaitAck       iic_software.o
    0x08004868   0x08004868   0x0000002c   Code   RO         3506    i.IIC_Init          iic_software.o
    0x08004894   0x08004894   0x00000052   Code   RO         3507    i.IIC_Read_1Byte    iic_software.o
    0x080048e6   0x080048e6   0x00000064   Code   RO         3508    i.IIC_Read_One_Byte  iic_software.o
    0x0800494a   0x0800494a   0x00000044   Code   RO         3511    i.IIC_Write_One_Byte  iic_software.o
    0x0800498e   0x0800498e   0x00000080   Code   RO         3512    i.IIC_read_Bytes    iic_software.o
    0x08004a0e   0x08004a0e   0x00000002   PAD
    0x08004a10   0x08004a10   0x00000010   Code   RO         1985    i.IWDG_Enable       stm32f10x_iwdg.o
    0x08004a20   0x08004a20   0x00000008   Code   RO          192    i.IWDG_Feed         main.o
    0x08004a28   0x08004a28   0x00000024   Code   RO          193    i.IWDG_Init         main.o
    0x08004a4c   0x08004a4c   0x00000010   Code   RO         1987    i.IWDG_ReloadCounter  stm32f10x_iwdg.o
    0x08004a5c   0x08004a5c   0x0000000c   Code   RO         1988    i.IWDG_SetPrescaler  stm32f10x_iwdg.o
    0x08004a68   0x08004a68   0x0000000c   Code   RO         1989    i.IWDG_SetReload    stm32f10x_iwdg.o
    0x08004a74   0x08004a74   0x0000000c   Code   RO         1990    i.IWDG_WriteAccessCmd  stm32f10x_iwdg.o
    0x08004a80   0x08004a80   0x0000005c   Code   RO         4551    i.Key_Function      wifi_ufo.o
    0x08004adc   0x08004adc   0x00000044   Code   RO         3817    i.LEDInit           led.o
    0x08004b20   0x08004b20   0x0000006c   Code   RO          404    i.Loop_check        scheduler.o
    0x08004b8c   0x08004b8c   0x00000004   Code   RO          113    i.MemManage_Handler  stm32f10x_it.o
    0x08004b90   0x08004b90   0x00000094   Code   RO         4505    i.Mode_Controler    control.o
    0x08004c24   0x08004c24   0x000002a4   Code   RO         4506    i.MotorControl      control.o
    0x08004ec8   0x08004ec8   0x000000a4   Code   RO         4703    i.Moving_Average    filter.o
    0x08004f6c   0x08004f6c   0x000000f4   Code   RO         4039    i.MpuGetData        mpu6050.o
    0x08005060   0x08005060   0x00000128   Code   RO         4040    i.MpuGetOffset      mpu6050.o
    0x08005188   0x08005188   0x000000a8   Code   RO         4041    i.MpuInit           mpu6050.o
    0x08005230   0x08005230   0x00000002   Code   RO          114    i.NMI_Handler       stm32f10x_it.o
    0x08005232   0x08005232   0x00000002   PAD
    0x08005234   0x08005234   0x0000004c   Code   RO         3845    i.NRF24L01_Check    nrf24l01.o
    0x08005280   0x08005280   0x00000090   Code   RO         3846    i.NRF24L01_Configuration  nrf24l01.o
    0x08005310   0x08005310   0x00000044   Code   RO         3847    i.NRF24L01_Read_Buf  nrf24l01.o
    0x08005354   0x08005354   0x0000002c   Code   RO         3848    i.NRF24L01_Read_Reg  nrf24l01.o
    0x08005380   0x08005380   0x00000044   Code   RO         3851    i.NRF24L01_Write_Buf  nrf24l01.o
    0x080053c4   0x080053c4   0x00000030   Code   RO         3852    i.NRF24L01_Write_Reg  nrf24l01.o
    0x080053f4   0x080053f4   0x00000064   Code   RO         3853    i.NRF24L01_init     nrf24l01.o
    0x08005458   0x08005458   0x00000060   Code   RO         3854    i.NRF_Connect       nrf24l01.o
    0x080054b8   0x080054b8   0x00000070   Code   RO          504    i.NVIC_Init         misc.o
    0x08005528   0x08005528   0x00000014   Code   RO          505    i.NVIC_PriorityGroupConfig  misc.o
    0x0800553c   0x0800553c   0x00000002   Code   RO          115    i.PendSV_Handler    stm32f10x_it.o
    0x0800553e   0x0800553e   0x00000002   PAD
    0x08005540   0x08005540   0x00000180   Code   RO         3818    i.PilotLED          led.o
    0x080056c0   0x080056c0   0x0000027c   Code   RO         4232    i.Pixel_Flow_Fix    flow.o
    0x0800593c   0x0800593c   0x00000050   Code   RO         4860    i.Q_rsqrt           mymath.o
    0x0800598c   0x0800598c   0x00000018   Code   RO         2093    i.RCC_ADCCLKConfig  stm32f10x_rcc.o
    0x080059a4   0x080059a4   0x00000020   Code   RO         2094    i.RCC_AHBPeriphClockCmd  stm32f10x_rcc.o
    0x080059c4   0x080059c4   0x00000020   Code   RO         2095    i.RCC_APB1PeriphClockCmd  stm32f10x_rcc.o
    0x080059e4   0x080059e4   0x00000020   Code   RO         2097    i.RCC_APB2PeriphClockCmd  stm32f10x_rcc.o
    0x08005a04   0x08005a04   0x000000d4   Code   RO         2105    i.RCC_GetClocksFreq  stm32f10x_rcc.o
    0x08005ad8   0x08005ad8   0x000000f0   Code   RO         4463    i.RC_Analy          remote.o
    0x08005bc8   0x08005bc8   0x0000000e   Code   RO         4464    i.Rc_Connect        remote.o
    0x08005bd6   0x08005bd6   0x00000018   Code   RO         2577    i.SPI_Cmd           stm32f10x_spi.o
    0x08005bee   0x08005bee   0x00000002   PAD
    0x08005bf0   0x08005bf0   0x00000094   Code   RO         3664    i.SPI_Config        spi.o
    0x08005c84   0x08005c84   0x00000012   Code   RO         2585    i.SPI_I2S_GetFlagStatus  stm32f10x_spi.o
    0x08005c96   0x08005c96   0x00000006   Code   RO         2588    i.SPI_I2S_ReceiveData  stm32f10x_spi.o
    0x08005c9c   0x08005c9c   0x00000004   Code   RO         2589    i.SPI_I2S_SendData  stm32f10x_spi.o
    0x08005ca0   0x08005ca0   0x0000003c   Code   RO         2590    i.SPI_Init          stm32f10x_spi.o
    0x08005cdc   0x08005cdc   0x00000038   Code   RO         3665    i.SPI_RW            spi.o
    0x08005d14   0x08005d14   0x00000002   Code   RO          116    i.SVC_Handler       stm32f10x_it.o
    0x08005d16   0x08005d16   0x00000008   Code   RO           17    i.SetSysClock       system_stm32f10x.o
    0x08005d1e   0x08005d1e   0x00000002   PAD
    0x08005d20   0x08005d20   0x000000e0   Code   RO           18    i.SetSysClockTo72   system_stm32f10x.o
    0x08005e00   0x08005e00   0x00000008   Code   RO          117    i.SysTick_Handler   stm32f10x_it.o
    0x08005e08   0x08005e08   0x00000048   Code   RO          340    i.SysTick_IRQ       delay.o
    0x08005e50   0x08005e50   0x00000060   Code   RO           20    i.SystemInit        system_stm32f10x.o
    0x08005eb0   0x08005eb0   0x000000e0   Code   RO         3608    i.TIM2_PWM_Config   tim.o
    0x08005f90   0x08005f90   0x000000f0   Code   RO         3609    i.TIM3_PWM_Config   tim.o
    0x08006080   0x08006080   0x00000018   Code   RO         2720    i.TIM_ARRPreloadConfig  stm32f10x_tim.o
    0x08006098   0x08006098   0x00000018   Code   RO         2732    i.TIM_Cmd           stm32f10x_tim.o
    0x080060b0   0x080060b0   0x00000012   Code   RO         2757    i.TIM_ITConfig      stm32f10x_tim.o
    0x080060c2   0x080060c2   0x00000002   PAD
    0x080060c4   0x080060c4   0x00000098   Code   RO         2761    i.TIM_OC1Init       stm32f10x_tim.o
    0x0800615c   0x0800615c   0x00000012   Code   RO         2764    i.TIM_OC1PreloadConfig  stm32f10x_tim.o
    0x0800616e   0x0800616e   0x00000002   PAD
    0x08006170   0x08006170   0x000000a4   Code   RO         2766    i.TIM_OC2Init       stm32f10x_tim.o
    0x08006214   0x08006214   0x0000001a   Code   RO         2769    i.TIM_OC2PreloadConfig  stm32f10x_tim.o
    0x0800622e   0x0800622e   0x00000002   PAD
    0x08006230   0x08006230   0x000000a0   Code   RO         2771    i.TIM_OC3Init       stm32f10x_tim.o
    0x080062d0   0x080062d0   0x00000012   Code   RO         2774    i.TIM_OC3PreloadConfig  stm32f10x_tim.o
    0x080062e2   0x080062e2   0x00000002   PAD
    0x080062e4   0x080062e4   0x0000007c   Code   RO         2776    i.TIM_OC4Init       stm32f10x_tim.o
    0x08006360   0x08006360   0x0000001a   Code   RO         2778    i.TIM_OC4PreloadConfig  stm32f10x_tim.o
    0x0800637a   0x0800637a   0x00000002   PAD
    0x0800637c   0x0800637c   0x000000a4   Code   RO         2803    i.TIM_TimeBaseInit  stm32f10x_tim.o
    0x08006420   0x08006420   0x000000c8   Code   RO         3775    i.UART2_Init        usart2.o
    0x080064e8   0x080064e8   0x00000088   Code   RO         3729    i.USART1_IRQHandler  uart1.o
    0x08006570   0x08006570   0x000000cc   Code   RO         3689    i.USART3_Config     usart3.o
    0x0800663c   0x0800663c   0x00000078   Code   RO         4401    i.USART3_IRQHandler  ano_dt.o
    0x080066b4   0x080066b4   0x00000030   Code   RO         3691    i.USART3_SendByte   usart3.o
    0x080066e4   0x080066e4   0x00000022   Code   RO         3266    i.USART_ClockInit   stm32f10x_usart.o
    0x08006706   0x08006706   0x00000018   Code   RO         3268    i.USART_Cmd         stm32f10x_usart.o
    0x0800671e   0x0800671e   0x0000001a   Code   RO         3271    i.USART_GetFlagStatus  stm32f10x_usart.o
    0x08006738   0x08006738   0x0000004a   Code   RO         3274    i.USART_ITConfig    stm32f10x_usart.o
    0x08006782   0x08006782   0x00000002   PAD
    0x08006784   0x08006784   0x000000d8   Code   RO         3275    i.USART_Init        stm32f10x_usart.o
    0x0800685c   0x0800685c   0x0000000a   Code   RO         3282    i.USART_ReceiveData  stm32f10x_usart.o
    0x08006866   0x08006866   0x00000008   Code   RO         3285    i.USART_SendData    stm32f10x_usart.o
    0x0800686e   0x0800686e   0x00000004   Code   RO          118    i.UsageFault_Handler  stm32f10x_it.o
    0x08006872   0x08006872   0x00000002   PAD
    0x08006874   0x08006874   0x000000e8   Code   RO         3632    i.Voltage_Check     adc.o
    0x0800695c   0x0800695c   0x0000007c   Code   RO         4552    i.WIFI_UFO_Connect  wifi_ufo.o
    0x080069d8   0x080069d8   0x00000178   Code   RO         4553    i.WIFI_UFO_Data_Receive_Anl  wifi_ufo.o
    0x08006b50   0x08006b50   0x00000028   Code   RO         5077    i.__ARM_fpclassify  m_ws.l(fpclassify.o)
    0x08006b78   0x08006b78   0x00000026   Code   RO         5079    i.__ARM_fpclassifyf  m_ws.l(fpclassifyf.o)
    0x08006b9e   0x08006b9e   0x00000002   PAD
    0x08006ba0   0x08006ba0   0x00000388   Code   RO         5097    i.__ieee754_rem_pio2  m_ws.l(rred.o)
    0x08006f28   0x08006f28   0x000000aa   Code   RO         5095    i.__kernel_poly     m_ws.l(poly.o)
    0x08006fd2   0x08006fd2   0x00000002   PAD
    0x08006fd4   0x08006fd4   0x0000027c   Code   RO         5118    i.__kernel_tan      m_ws.l(tan_i.o)
    0x08007250   0x08007250   0x00000006   Code   RO         5064    i.__mathlib_dbl_infnan  m_ws.l(dunder.o)
    0x08007256   0x08007256   0x0000000c   Code   RO         5066    i.__mathlib_dbl_invalid  m_ws.l(dunder.o)
    0x08007262   0x08007262   0x00000002   PAD
    0x08007264   0x08007264   0x00000010   Code   RO         5069    i.__mathlib_dbl_underflow  m_ws.l(dunder.o)
    0x08007274   0x08007274   0x00000004   Code   RO         5083    i.__mathlib_flt_infnan2  m_ws.l(funder.o)
    0x08007278   0x08007278   0x0000000a   Code   RO         5087    i.__mathlib_flt_underflow  m_ws.l(funder.o)
    0x08007282   0x08007282   0x0000000e   Code   RO         5174    i.__scatterload_copy  mc_w.l(handlers.o)
    0x08007290   0x08007290   0x00000002   Code   RO         5175    i.__scatterload_null  mc_w.l(handlers.o)
    0x08007292   0x08007292   0x0000000e   Code   RO         5176    i.__scatterload_zeroinit  mc_w.l(handlers.o)
    0x080072a0   0x080072a0   0x0000000c   Code   RO         5146    i.__set_errno       mc_w.l(errno.o)
    0x080072ac   0x080072ac   0x00000270   Code   RO         4987    i.asin              m_ws.l(asin.o)
    0x0800751c   0x0800751c   0x0000025c   Code   RO         5005    i.atan2f            m_ws.l(atan2f.o)
    0x08007778   0x08007778   0x00000024   Code   RO          341    i.cycleCounterInit  delay.o
    0x0800779c   0x0800779c   0x00000030   Code   RO          342    i.delay_ms          delay.o
    0x080077cc   0x080077cc   0x0000006c   Code   RO         4101    i.fix_inte_filter   spl06.o
    0x08007838   0x08007838   0x00000058   Code   RO         4763    i.kalman_1          kalman.o
    0x08007890   0x08007890   0x00000084   Code   RO          194    i.main              main.o
    0x08007914   0x08007914   0x000000a4   Code   RO          405    i.main_loop         scheduler.o
    0x080079b8   0x080079b8   0x0000002c   Code   RO         4960    i.pidRest           pid.o
    0x080079e4   0x080079e4   0x0000006a   Code   RO         4961    i.pidUpdate         pid.o
    0x08007a4e   0x08007a4e   0x00000002   PAD
    0x08007a50   0x08007a50   0x00000110   Code   RO          471    i.pid_param_Init    init.o
    0x08007b60   0x08007b60   0x0000012c   Code   RO         4465    i.remote_unlock     remote.o
    0x08007c8c   0x08007c8c   0x000001e4   Code   RO         4102    i.spl0601_get_calib_param  spl06.o
    0x08007e70   0x08007e70   0x00000118   Code   RO         4104    i.spl0601_get_pressure1  spl06.o
    0x08007f88   0x08007f88   0x0000006c   Code   RO         4105    i.spl0601_get_raw_pressure  spl06.o
    0x08007ff4   0x08007ff4   0x00000070   Code   RO         4106    i.spl0601_get_raw_temp  spl06.o
    0x08008064   0x08008064   0x00000078   Code   RO         4107    i.spl0601_get_temperature  spl06.o
    0x080080dc   0x080080dc   0x00000058   Code   RO         4108    i.spl0601_init      spl06.o
    0x08008134   0x08008134   0x00000144   Code   RO         4109    i.spl0601_rateset   spl06.o
    0x08008278   0x08008278   0x00000016   Code   RO         4110    i.spl0601_read      spl06.o
    0x0800828e   0x0800828e   0x00000012   Code   RO         4111    i.spl0601_start_continuous  spl06.o
    0x080082a0   0x080082a0   0x00000014   Code   RO         4114    i.spl0601_write     spl06.o
    0x080082b4   0x080082b4   0x0000004c   Code   RO         5103    i.sqrt              m_ws.l(sqrt.o)
    0x08008300   0x08008300   0x00000064   Code   RO         5013    i.tan               m_ws.l(tan.o)
    0x08008364   0x08008364   0x0000000a   Data   RO         3858    .constdata          nrf24l01.o
    0x0800836e   0x0800836e   0x00000002   PAD
    0x08008370   0x08008370   0x00000018   Data   RO         4874    .constdata          mymath.o
    0x08008388   0x08008388   0x00000050   Data   RO         4988    .constdata          m_ws.l(asin.o)
    0x080083d8   0x080083d8   0x000000c8   Data   RO         5099    .constdata          m_ws.l(rred.o)
    0x080084a0   0x080084a0   0x00000060   Data   RO         5119    .constdata          m_ws.l(tan_i.o)
    0x08008500   0x08008500   0x00000020   Data   RO         5172    Region$$Table       anon$$obj.o


    Execution Region RW_IRAM1 (Exec base: 0x20000000, Load base: 0x08008520, Size: 0x00001348, Max: 0x00005000, ABSOLUTE, COMPRESSED[0x0000008c])

    Exec Addr    Load Addr    Size         Type   Attr      Idx    E Section Name        Object

    0x20000000   COMPRESSED   0x00000014   Data   RW           21    .data               system_stm32f10x.o
    0x20000014   COMPRESSED   0x0000000a   Data   RW          345    .data               delay.o
    0x2000001e   COMPRESSED   0x00000002   PAD
    0x20000020   COMPRESSED   0x00000008   Data   RW          407    .data               scheduler.o
    0x20000028   COMPRESSED   0x00000017   Data   RW          473    .data               init.o
    0x2000003f   COMPRESSED   0x00000014   Data   RW         2125    .data               stm32f10x_rcc.o
    0x20000053   COMPRESSED   0x00000001   PAD
    0x20000054   COMPRESSED   0x0000000e   Data   RW         3634    .data               adc.o
    0x20000062   COMPRESSED   0x00000002   PAD
    0x20000064   COMPRESSED   0x00000007   Data   RW         3732    .data               uart1.o
    0x2000006b   COMPRESSED   0x00000001   PAD
    0x2000006c   COMPRESSED   0x00000010   Data   RW         3820    .data               led.o
    0x2000007c   COMPRESSED   0x0000000e   Data   RW         3859    .data               nrf24l01.o
    0x2000008a   COMPRESSED   0x00000002   PAD
    0x2000008c   COMPRESSED   0x00000050   Data   RW         4044    .data               mpu6050.o
    0x200000dc   COMPRESSED   0x000000ae   Data   RW         4118    .data               spl06.o
    0x2000018a   COMPRESSED   0x00000002   PAD
    0x2000018c   COMPRESSED   0x0000000a   Data   RW         4234    .data               flow.o
    0x20000196   COMPRESSED   0x00000002   PAD
    0x20000198   COMPRESSED   0x00000018   Data   RW         4403    .data               ano_dt.o
    0x200001b0   COMPRESSED   0x00000011   Data   RW         4467    .data               remote.o
    0x200001c1   COMPRESSED   0x00000003   PAD
    0x200001c4   COMPRESSED   0x00000066   Data   RW         4508    .data               control.o
    0x2000022a   COMPRESSED   0x00000002   PAD
    0x2000022c   COMPRESSED   0x0000001e   Data   RW         4556    .data               wifi_ufo.o
    0x2000024a   COMPRESSED   0x00000002   PAD
    0x2000024c   COMPRESSED   0x00000007   Data   RW         4610    .data               ano_data_transfer.o
    0x20000253   COMPRESSED   0x00000001   PAD
    0x20000254   COMPRESSED   0x0000001c   Data   RW         4834    .data               imu.o
    0x20000270   COMPRESSED   0x00000004   Data   RW         5147    .data               mc_w.l(errno.o)
    0x20000274        -       0x00000068   Zero   RW          406    .bss                scheduler.o
    0x200002dc        -       0x000006a0   Zero   RW          472    .bss                init.o
    0x2000097c        -       0x0000012c   Zero   RW         3731    .bss                uart1.o
    0x20000aa8        -       0x0000006c   Zero   RW         3857    .bss                nrf24l01.o
    0x20000b14        -       0x00000044   Zero   RW         4043    .bss                mpu6050.o
    0x20000b58        -       0x000000e4   Zero   RW         4117    .bss                spl06.o
    0x20000c3c        -       0x000000ec   Zero   RW         4233    .bss                flow.o
    0x20000d28        -       0x000001a6   Zero   RW         4402    .bss                ano_dt.o
    0x20000ece   COMPRESSED   0x00000002   PAD
    0x20000ed0        -       0x0000006c   Zero   RW         4609    .bss                ano_data_transfer.o
    0x20000f3c        -       0x0000000c   Zero   RW         4833    .bss                imu.o
    0x20000f48        -       0x00000400   Zero   RW          103    STACK               startup_stm32f10x_md.o


==============================================================================

Image component sizes


      Code (inc. data)   RO Data    RW Data    ZI Data      Debug   Object Name

       516         44          0         14          0       3237   adc.o
      3808        206          0          7        108      10117   ano_data_transfer.o
      2644        274          0         24        422       7500   ano_dt.o
      2592        310          0        102          0       5940   control.o
         0          0          0          0          0       4536   core_cm3.o
       224         36          0         10          0       2986   delay.o
       164          8          0          0          0       1817   filter.o
      1052         66          0         10        236     206790   flow.o
      1698         38          0          0          0       9174   iic_software.o
      1912         50          0         28         12       2465   imu.o
       440        118          0         23       1696       6165   init.o
        88          0          0          0          0       1723   kalman.o
       452         38          0         16          0       3726   led.o
       176         14          0          0          0     231162   main.o
       132         22          0          0          0       1607   misc.o
       708         46          0         80         68       4326   mpu6050.o
        80          6         24          0          0       1101   mymath.o
      1032        100         10         14        108     222843   nrf24l01.o
       180          0          0          0          0       2183   pid.o
       554         66          0         17          0       2879   remote.o
       772        120          0          8        104       5613   scheduler.o
       204         14          0          0          0       1206   spi.o
      2796        224          0        174        228      13769   spl06.o
        36          8        236          0       1024        840   startup_stm32f10x_md.o
       390         10          0          0          0       7637   stm32f10x_adc.o
       416          8          0          0          0       3522   stm32f10x_dma.o
       426          6          0          0          0       3413   stm32f10x_gpio.o
        32          0          0          0          0       4434   stm32f10x_it.o
        68         30          0          0          0       2630   stm32f10x_iwdg.o
       332         44          0         20          0       5753   stm32f10x_rcc.o
       112          0          0          0          0       3982   stm32f10x_spi.o
       918         92          0          0          0       8415   stm32f10x_tim.o
       392          6          0          0          0       6203   stm32f10x_usart.o
       328         28          0         20          0      62953   system_stm32f10x.o
       464         28          0          0          0       1504   tim.o
       348         26          0          7        300       2353   uart1.o
       200          8          0          0          0        789   usart2.o
       252         12          0          0          0       1870   usart3.o
       592         66          0         30          0       3328   wifi_ufo.o

    ----------------------------------------------------------------------
     27564       2172        304        624       4308     872491   Object Totals
         0          0         32          0          0          0   (incl. Generated)
        34          0          2         20          2          0   (incl. Padding)

    ----------------------------------------------------------------------

      Code (inc. data)   RO Data    RW Data    ZI Data      Debug   Library Member Name

       624         52         80          0          0        168   asin.o
       604         76          0          0          0        116   atan2f.o
        34          6          0          0          0        204   dunder.o
        40          0          0          0          0         68   fpclassify.o
        38          0          0          0          0         68   fpclassifyf.o
        14          0          0          0          0        136   funder.o
       170          0          0          0          0         96   poly.o
       904         76        200          0          0        140   rred.o
        76          0          0          0          0         84   sqrt.o
       100         10          0          0          0         96   tan.o
       636         50         96          0          0        168   tan_i.o
        86          0          0          0          0          0   __dczerorl2.o
         0          0          0          0          0          0   entry.o
         0          0          0          0          0          0   entry10a.o
         0          0          0          0          0          0   entry11a.o
         8          4          0          0          0          0   entry2.o
         4          0          0          0          0          0   entry5.o
         0          0          0          0          0          0   entry7b.o
         0          0          0          0          0          0   entry8b.o
         8          4          0          0          0          0   entry9a.o
        12          6          0          4          0         68   errno.o
        30          0          0          0          0          0   handlers.o
        36          8          0          0          0         68   init.o
         0          0          0          0          0          0   iusefp.o
        30          0          0          0          0         68   llshl.o
        36          0          0          0          0         68   llsshr.o
        32          0          0          0          0         68   llushr.o
        36          0          0          0          0         68   memcpya.o
        36          0          0          0          0        108   memseta.o
        48          0          0          0          0         68   cdcmple.o
        48          0          0          0          0         68   cdrcmple.o
        20          0          0          0          0         68   cfcmple.o
        20          0          0          0          0         68   cfrcmple.o
        56          0          0          0          0         88   d2f.o
       334          0          0          0          0        148   dadd.o
       222          0          0          0          0        100   ddiv.o
       186          0          0          0          0        176   depilogue.o
        62          0          0          0          0         80   dfixi.o
        50          0          0          0          0         76   dfixui.o
        34          0          0          0          0         76   dflti.o
        26          0          0          0          0         76   dfltui.o
       228          0          0          0          0         96   dmul.o
        46          0          0          0          0         80   dscalb.o
       162          0          0          0          0        100   dsqrt.o
        38          0          0          0          0         68   f2d.o
       176          0          0          0          0        140   fadd.o
       124          0          0          0          0         88   fdiv.o
       110          0          0          0          0        168   fepilogue.o
        50          0          0          0          0         68   ffixi.o
        40          0          0          0          0         68   ffixui.o
        18          0          0          0          0         68   fflti.o
        10          0          0          0          0         68   ffltui.o
       100          0          0          0          0         76   fmul.o
        24          0          0          0          0         68   fscalb.o

    ----------------------------------------------------------------------
      5836        292        376          4          0       4108   Library Totals
        10          0          0          0          0          0   (incl. Padding)

    ----------------------------------------------------------------------

      Code (inc. data)   RO Data    RW Data    ZI Data      Debug   Library Name

      3240        270        376          0          0       1344   m_ws.l
       354         22          0          4          0        516   mc_w.l
      2232          0          0          0          0       2248   mf_w.l

    ----------------------------------------------------------------------
      5836        292        376          4          0       4108   Library Totals

    ----------------------------------------------------------------------

==============================================================================


      Code (inc. data)   RO Data    RW Data    ZI Data      Debug   

     33400       2464        680        628       4308     865651   Grand Totals
     33400       2464        680        140       4308     865651   ELF Image Totals (compressed)
     33400       2464        680        140          0          0   ROM Totals

==============================================================================

    Total RO  Size (Code + RO Data)                34080 (  33.28kB)
    Total RW  Size (RW Data + ZI Data)              4936 (   4.82kB)
    Total ROM Size (Code + RO Data + RW Data)      34220 (  33.42kB)

==============================================================================

